Oct 13 19:45:23 syslogd started: BusyBox v1.37.0
Oct 13 19:45:23 kernel: klogd started: BusyBox v1.37.0 (Debian 1:1.37.0-6+b3)
Oct 13 19:45:23 kernel: [    0.000000] Linux version 6.12.43+deb13-amd64 (debian-kernel@lists.debian.org) (x86_64-linux-gnu-gcc-14 (Debian 14.2.0-19) 14.2.0, GNU ld (GNU Binutils for Debian) 2.44) #1 SMP PREEMPT_DYNAMIC Debian 6.12.43-1 (2025-08-27)
Oct 13 19:45:23 kernel: [    0.000000] Command line: BOOT_IMAGE=/install/gtk/vmlinuz vga=788 --- quiet
Oct 13 19:45:23 kernel: [    0.000000] x86/split lock detection: #AC: crashing the kernel on kernel split_locks and warning on user-space split_locks
Oct 13 19:45:23 kernel: [    0.000000] BIOS-provided physical RAM map:
Oct 13 19:45:23 kernel: [    0.000000] BIOS-e820: [mem 0x0000000000000000-0x000000000009efff] usable
Oct 13 19:45:23 kernel: [    0.000000] BIOS-e820: [mem 0x000000000009f000-0x00000000000fffff] reserved
Oct 13 19:45:23 kernel: [    0.000000] BIOS-e820: [mem 0x0000000000100000-0x0000000067987fff] usable
Oct 13 19:45:23 kernel: [    0.000000] BIOS-e820: [mem 0x0000000067988000-0x0000000068287fff] reserved
Oct 13 19:45:23 kernel: [    0.000000] BIOS-e820: [mem 0x0000000068288000-0x000000006a09efff] usable
Oct 13 19:45:23 kernel: [    0.000000] BIOS-e820: [mem 0x000000006a09f000-0x000000006b4defff] reserved
Oct 13 19:45:23 kernel: [    0.000000] BIOS-e820: [mem 0x000000006b4df000-0x000000006bbcefff] ACPI NVS
Oct 13 19:45:23 kernel: [    0.000000] BIOS-e820: [mem 0x000000006bbcf000-0x000000006bc4efff] ACPI data
Oct 13 19:45:23 kernel: [    0.000000] BIOS-e820: [mem 0x000000006bc4f000-0x000000006bc4ffff] usable
Oct 13 19:45:23 kernel: [    0.000000] BIOS-e820: [mem 0x000000006bc50000-0x00000000cfffffff] reserved
Oct 13 19:45:23 kernel: [    0.000000] BIOS-e820: [mem 0x00000000fc800000-0x00000000fe7fffff] reserved
Oct 13 19:45:23 kernel: [    0.000000] BIOS-e820: [mem 0x00000000fed00000-0x00000000fed00fff] reserved
Oct 13 19:45:23 kernel: [    0.000000] BIOS-e820: [mem 0x00000000fed10000-0x00000000fed17fff] reserved
Oct 13 19:45:23 kernel: [    0.000000] BIOS-e820: [mem 0x00000000fed20000-0x00000000fed7ffff] reserved
Oct 13 19:45:23 kernel: [    0.000000] BIOS-e820: [mem 0x00000000feda0000-0x00000000feda1fff] reserved
Oct 13 19:45:23 kernel: [    0.000000] BIOS-e820: [mem 0x00000000fee00000-0x00000000fee00fff] reserved
Oct 13 19:45:23 kernel: [    0.000000] BIOS-e820: [mem 0x00000000ff600000-0x00000000ffffffff] reserved
Oct 13 19:45:23 kernel: [    0.000000] BIOS-e820: [mem 0x0000000100000000-0x0000000482bfffff] usable
Oct 13 19:45:23 kernel: [    0.000000] NX (Execute Disable) protection: active
Oct 13 19:45:23 kernel: [    0.000000] APIC: Static calls initialized
Oct 13 19:45:23 kernel: [    0.000000] e820: update [mem 0x639be018-0x639ce057] usable ==> usable
Oct 13 19:45:23 kernel: [    0.000000] e820: update [mem 0x639ad018-0x639bd057] usable ==> usable
Oct 13 19:45:23 kernel: [    0.000000] extended physical RAM map:
Oct 13 19:45:23 kernel: [    0.000000] reserve setup_data: [mem 0x0000000000000000-0x000000000009efff] usable
Oct 13 19:45:23 kernel: [    0.000000] reserve setup_data: [mem 0x000000000009f000-0x00000000000fffff] reserved
Oct 13 19:45:23 kernel: [    0.000000] reserve setup_data: [mem 0x0000000000100000-0x00000000639ad017] usable
Oct 13 19:45:23 kernel: [    0.000000] reserve setup_data: [mem 0x00000000639ad018-0x00000000639bd057] usable
Oct 13 19:45:23 kernel: [    0.000000] reserve setup_data: [mem 0x00000000639bd058-0x00000000639be017] usable
Oct 13 19:45:23 kernel: [    0.000000] reserve setup_data: [mem 0x00000000639be018-0x00000000639ce057] usable
Oct 13 19:45:23 kernel: [    0.000000] reserve setup_data: [mem 0x00000000639ce058-0x0000000067987fff] usable
Oct 13 19:45:23 kernel: [    0.000000] reserve setup_data: [mem 0x0000000067988000-0x0000000068287fff] reserved
Oct 13 19:45:23 kernel: [    0.000000] reserve setup_data: [mem 0x0000000068288000-0x000000006a09efff] usable
Oct 13 19:45:23 kernel: [    0.000000] reserve setup_data: [mem 0x000000006a09f000-0x000000006b4defff] reserved
Oct 13 19:45:23 kernel: [    0.000000] reserve setup_data: [mem 0x000000006b4df000-0x000000006bbcefff] ACPI NVS
Oct 13 19:45:23 kernel: [    0.000000] reserve setup_data: [mem 0x000000006bbcf000-0x000000006bc4efff] ACPI data
Oct 13 19:45:23 kernel: [    0.000000] reserve setup_data: [mem 0x000000006bc4f000-0x000000006bc4ffff] usable
Oct 13 19:45:23 kernel: [    0.000000] reserve setup_data: [mem 0x000000006bc50000-0x00000000cfffffff] reserved
Oct 13 19:45:23 kernel: [    0.000000] reserve setup_data: [mem 0x00000000fc800000-0x00000000fe7fffff] reserved
Oct 13 19:45:23 kernel: [    0.000000] reserve setup_data: [mem 0x00000000fed00000-0x00000000fed00fff] reserved
Oct 13 19:45:23 kernel: [    0.000000] reserve setup_data: [mem 0x00000000fed10000-0x00000000fed17fff] reserved
Oct 13 19:45:23 kernel: [    0.000000] reserve setup_data: [mem 0x00000000fed20000-0x00000000fed7ffff] reserved
Oct 13 19:45:23 kernel: [    0.000000] reserve setup_data: [mem 0x00000000feda0000-0x00000000feda1fff] reserved
Oct 13 19:45:23 kernel: [    0.000000] reserve setup_data: [mem 0x00000000fee00000-0x00000000fee00fff] reserved
Oct 13 19:45:23 kernel: [    0.000000] reserve setup_data: [mem 0x00000000ff600000-0x00000000ffffffff] reserved
Oct 13 19:45:23 kernel: [    0.000000] reserve setup_data: [mem 0x0000000100000000-0x0000000482bfffff] usable
Oct 13 19:45:23 kernel: [    0.000000] efi: EFI v2.7 by INSYDE Corp.
Oct 13 19:45:23 kernel: [    0.000000] efi: ACPI=0x6bc4e000 ACPI 2.0=0x6bc4e014 TPMFinalLog=0x6bb81000 SMBIOS=0x6a4d3000 SMBIOS 3.0=0x6a4d1000 ESRT=0x6a4cf018 MOKvar=0x6a4a6000 INITRD=0x63bdf218 RNG=0x6bbf8018 TPMEventLog=0x6bbed018 
Oct 13 19:45:23 kernel: [    0.000000] random: crng init done
Oct 13 19:45:23 kernel: [    0.000000] efi: Remove mem57: MMIO range=[0x7d400000-0xcfffffff] (1324MB) from e820 map
Oct 13 19:45:23 kernel: [    0.000000] e820: remove [mem 0x7d400000-0xcfffffff] reserved
Oct 13 19:45:23 kernel: [    0.000000] efi: Remove mem58: MMIO range=[0xfc800000-0xfe7fffff] (32MB) from e820 map
Oct 13 19:45:23 kernel: [    0.000000] e820: remove [mem 0xfc800000-0xfe7fffff] reserved
Oct 13 19:45:23 kernel: [    0.000000] efi: Not removing mem59: MMIO range=[0xfed00000-0xfed00fff] (4KB) from e820 map
Oct 13 19:45:23 kernel: [    0.000000] efi: Not removing mem60: MMIO range=[0xfed10000-0xfed17fff] (32KB) from e820 map
Oct 13 19:45:23 kernel: [    0.000000] efi: Not removing mem62: MMIO range=[0xfeda0000-0xfeda1fff] (8KB) from e820 map
Oct 13 19:45:23 kernel: [    0.000000] efi: Not removing mem63: MMIO range=[0xfee00000-0xfee00fff] (4KB) from e820 map
Oct 13 19:45:23 kernel: [    0.000000] efi: Remove mem64: MMIO range=[0xff600000-0xffffffff] (10MB) from e820 map
Oct 13 19:45:23 kernel: [    0.000000] e820: remove [mem 0xff600000-0xffffffff] reserved
Oct 13 19:45:23 kernel: [    0.000000] Kernel is locked down from EFI Secure Boot; see man kernel_lockdown.7
Oct 13 19:45:23 kernel: [    0.000000] secureboot: Secure boot enabled
Oct 13 19:45:23 kernel: [    0.000000] SMBIOS 3.2.0 present.
Oct 13 19:45:23 kernel: [    0.000000] DMI: LENOVO 81YK/LNVNB161216, BIOS DPCN40WW 03/18/2020
Oct 13 19:45:23 kernel: [    0.000000] DMI: Memory slots populated: 2/2
Oct 13 19:45:23 kernel: [    0.000000] tsc: Detected 1200.000 MHz processor
Oct 13 19:45:23 kernel: [    0.000000] tsc: Detected 1190.400 MHz TSC
Oct 13 19:45:23 kernel: [    0.000000] [Firmware Bug]: TSC ADJUST: CPU0: -4417651008 force to 0
Oct 13 19:45:23 kernel: [    0.000007] e820: update [mem 0x00000000-0x00000fff] usable ==> reserved
Oct 13 19:45:23 kernel: [    0.000009] e820: remove [mem 0x000a0000-0x000fffff] usable
Oct 13 19:45:23 kernel: [    0.000018] last_pfn = 0x482c00 max_arch_pfn = 0x400000000
Oct 13 19:45:23 kernel: [    0.000022] MTRR map: 5 entries (3 fixed + 2 variable; max 23), built from 10 variable MTRRs
Oct 13 19:45:23 kernel: [    0.000024] x86/PAT: Configuration [0-7]: WB  WC  UC- UC  WB  WP  UC- WT  
Oct 13 19:45:23 kernel: [    0.000438] last_pfn = 0x6bc50 max_arch_pfn = 0x400000000
Oct 13 19:45:23 kernel: [    0.007103] esrt: Reserving ESRT space from 0x000000006a4cf018 to 0x000000006a4cf118.
Oct 13 19:45:23 kernel: [    0.007111] Using GB pages for direct mapping
Oct 13 19:45:23 kernel: [    0.007356] RAMDISK: [mem 0x56e36000-0x5ad5bfff]
Oct 13 19:45:23 kernel: [    0.007358] ACPI: Early table checksum verification disabled
Oct 13 19:45:23 kernel: [    0.007360] ACPI: RSDP 0x000000006BC4E014 000024 (v02 LENOVO)
Oct 13 19:45:23 kernel: [    0.007363] ACPI: XSDT 0x000000006BC2B188 0000EC (v01 LENOVO CB-01    00000001      01000013)
Oct 13 19:45:23 kernel: [    0.007367] ACPI: FACP 0x000000006BC30000 00010C (v05 LENOVO CB-01    00000001      01000013)
Oct 13 19:45:23 kernel: [    0.007371] ACPI: DSDT 0x000000006BBFD000 02DFEE (v02 LENOVO CB-01    00000001      01000013)
Oct 13 19:45:23 kernel: [    0.007374] ACPI: FACS 0x000000006BB62000 000040
Oct 13 19:45:23 kernel: [    0.007375] ACPI: UEFI 0x000000006BBCE000 000236 (v01 LENOVO CB-01    00000001 ACPI 00040000)
Oct 13 19:45:23 kernel: [    0.007378] ACPI: SSDT 0x000000006BC4A000 0035BB (v02 LENOVO CB-01    00000001 INTL 20160422)
Oct 13 19:45:23 kernel: [    0.007380] ACPI: SSDT 0x000000006BC48000 001B60 (v02 LENOVO CB-01    00000001 INTL 20160422)
Oct 13 19:45:23 kernel: [    0.007382] ACPI: SSDT 0x000000006BC44000 003389 (v02 LENOVO CB-01    00000001 INTL 20160422)
Oct 13 19:45:23 kernel: [    0.007384] ACPI: SSDT 0x000000006BC3D000 006728 (v02 INTEL  TcssSsdt 00001000 INTL 20160422)
Oct 13 19:45:23 kernel: [    0.007386] ACPI: SSDT 0x000000006BC3C000 000781 (v01 LENOVO CB-01    00000001 INTL 20160422)
Oct 13 19:45:23 kernel: [    0.007388] ACPI: TPM2 0x000000006BC3B000 000034 (v04 LENOVO CB-01    00000001      01000013)
Oct 13 19:45:23 kernel: [    0.007390] ACPI: MSDM 0x000000006BC3A000 000055 (v03 LENOVO CB-01    00000001 ACPI 00040000)
Oct 13 19:45:23 kernel: [    0.007392] ACPI: LPIT 0x000000006BC39000 000094 (v01 LENOVO CB-01    00000001      01000013)
Oct 13 19:45:23 kernel: [    0.007394] ACPI: WSMT 0x000000006BC38000 000028 (v01 LENOVO CB-01    00000001      01000013)
Oct 13 19:45:23 kernel: [    0.007396] ACPI: SSDT 0x000000006BC37000 000B70 (v02 LENOVO CB-01    00000001 INTL 20160422)
Oct 13 19:45:23 kernel: [    0.007398] ACPI: DBGP 0x000000006BC36000 000034 (v01 LENOVO CB-01    00000001      01000013)
Oct 13 19:45:23 kernel: [    0.007400] ACPI: DBG2 0x000000006BC35000 000054 (v00 LENOVO CB-01    00000001      01000013)
Oct 13 19:45:23 kernel: [    0.007402] ACPI: SSDT 0x000000006BC34000 000B6B (v02 LENOVO CB-01    00000001 INTL 20160422)
Oct 13 19:45:23 kernel: [    0.007404] ACPI: NHLT 0x000000006BC32000 001771 (v00 LENOVO CB-01    00000001      01000013)
Oct 13 19:45:23 kernel: [    0.007406] ACPI: ECDT 0x000000006BC31000 000069 (v01 LENOVO CB-01    00000001      01000013)
Oct 13 19:45:23 kernel: [    0.007407] ACPI: HPET 0x000000006BC2F000 000038 (v01 LENOVO CB-01    00000001      01000013)
Oct 13 19:45:23 kernel: [    0.007409] ACPI: APIC 0x000000006BC2E000 00012C (v03 LENOVO CB-01    00000001      01000013)
Oct 13 19:45:23 kernel: [    0.007411] ACPI: MCFG 0x000000006BC2D000 00003C (v01 LENOVO CB-01    00000001      01000013)
Oct 13 19:45:23 kernel: [    0.007413] ACPI: DMAR 0x000000006BC2C000 0000A8 (v01 INTEL  EDK2     00000002      01000013)
Oct 13 19:45:23 kernel: [    0.007415] ACPI: SSDT 0x000000006BBFC000 000164 (v01 INSYDE PcdTabl  00001000 INTL 20160422)
Oct 13 19:45:23 kernel: [    0.007417] ACPI: SSDT 0x000000006BBFB000 00005C (v02 Insyde AhciTabl 00001000 INTL 20160527)
Oct 13 19:45:23 kernel: [    0.007419] ACPI: FPDT 0x000000006BBFA000 000044 (v01 INSYDE ICL-ULT  00000002      01000013)
Oct 13 19:45:23 kernel: [    0.007422] ACPI: BGRT 0x000000006BBF9000 000038 (v01 INSYDE H2O BIOS 00000001 ACPI 00040000)
Oct 13 19:45:23 kernel: [    0.007423] ACPI: Reserving FACP table memory at [mem 0x6bc30000-0x6bc3010b]
Oct 13 19:45:23 kernel: [    0.007424] ACPI: Reserving DSDT table memory at [mem 0x6bbfd000-0x6bc2afed]
Oct 13 19:45:23 kernel: [    0.007425] ACPI: Reserving FACS table memory at [mem 0x6bb62000-0x6bb6203f]
Oct 13 19:45:23 kernel: [    0.007426] ACPI: Reserving UEFI table memory at [mem 0x6bbce000-0x6bbce235]
Oct 13 19:45:23 kernel: [    0.007426] ACPI: Reserving SSDT table memory at [mem 0x6bc4a000-0x6bc4d5ba]
Oct 13 19:45:23 kernel: [    0.007427] ACPI: Reserving SSDT table memory at [mem 0x6bc48000-0x6bc49b5f]
Oct 13 19:45:23 kernel: [    0.007427] ACPI: Reserving SSDT table memory at [mem 0x6bc44000-0x6bc47388]
Oct 13 19:45:23 kernel: [    0.007428] ACPI: Reserving SSDT table memory at [mem 0x6bc3d000-0x6bc43727]
Oct 13 19:45:23 kernel: [    0.007428] ACPI: Reserving SSDT table memory at [mem 0x6bc3c000-0x6bc3c780]
Oct 13 19:45:23 kernel: [    0.007429] ACPI: Reserving TPM2 table memory at [mem 0x6bc3b000-0x6bc3b033]
Oct 13 19:45:23 kernel: [    0.007429] ACPI: Reserving MSDM table memory at [mem 0x6bc3a000-0x6bc3a054]
Oct 13 19:45:23 kernel: [    0.007430] ACPI: Reserving LPIT table memory at [mem 0x6bc39000-0x6bc39093]
Oct 13 19:45:23 kernel: [    0.007431] ACPI: Reserving WSMT table memory at [mem 0x6bc38000-0x6bc38027]
Oct 13 19:45:23 kernel: [    0.007431] ACPI: Reserving SSDT table memory at [mem 0x6bc37000-0x6bc37b6f]
Oct 13 19:45:23 kernel: [    0.007432] ACPI: Reserving DBGP table memory at [mem 0x6bc36000-0x6bc36033]
Oct 13 19:45:23 kernel: [    0.007432] ACPI: Reserving DBG2 table memory at [mem 0x6bc35000-0x6bc35053]
Oct 13 19:45:23 kernel: [    0.007433] ACPI: Reserving SSDT table memory at [mem 0x6bc34000-0x6bc34b6a]
Oct 13 19:45:23 kernel: [    0.007433] ACPI: Reserving NHLT table memory at [mem 0x6bc32000-0x6bc33770]
Oct 13 19:45:23 kernel: [    0.007434] ACPI: Reserving ECDT table memory at [mem 0x6bc31000-0x6bc31068]
Oct 13 19:45:23 kernel: [    0.007434] ACPI: Reserving HPET table memory at [mem 0x6bc2f000-0x6bc2f037]
Oct 13 19:45:23 kernel: [    0.007435] ACPI: Reserving APIC table memory at [mem 0x6bc2e000-0x6bc2e12b]
Oct 13 19:45:23 kernel: [    0.007435] ACPI: Reserving MCFG table memory at [mem 0x6bc2d000-0x6bc2d03b]
Oct 13 19:45:23 kernel: [    0.007436] ACPI: Reserving DMAR table memory at [mem 0x6bc2c000-0x6bc2c0a7]
Oct 13 19:45:23 kernel: [    0.007436] ACPI: Reserving SSDT table memory at [mem 0x6bbfc000-0x6bbfc163]
Oct 13 19:45:23 kernel: [    0.007437] ACPI: Reserving SSDT table memory at [mem 0x6bbfb000-0x6bbfb05b]
Oct 13 19:45:23 kernel: [    0.007438] ACPI: Reserving FPDT table memory at [mem 0x6bbfa000-0x6bbfa043]
Oct 13 19:45:23 kernel: [    0.007438] ACPI: Reserving BGRT table memory at [mem 0x6bbf9000-0x6bbf9037]
Oct 13 19:45:23 kernel: [    0.007656] No NUMA configuration found
Oct 13 19:45:23 kernel: [    0.007656] Faking a node at [mem 0x0000000000000000-0x0000000482bfffff]
Oct 13 19:45:23 kernel: [    0.007663] NODE_DATA(0) allocated [mem 0x482bd5680-0x482bfffff]
Oct 13 19:45:23 kernel: [    0.007818] Zone ranges:
Oct 13 19:45:23 kernel: [    0.007818]   DMA      [mem 0x0000000000001000-0x0000000000ffffff]
Oct 13 19:45:23 kernel: [    0.007820]   DMA32    [mem 0x0000000001000000-0x00000000ffffffff]
Oct 13 19:45:23 kernel: [    0.007821]   Normal   [mem 0x0000000100000000-0x0000000482bfffff]
Oct 13 19:45:23 kernel: [    0.007822]   Device   empty
Oct 13 19:45:23 kernel: [    0.007822] Movable zone start for each node
Oct 13 19:45:23 kernel: [    0.007824] Early memory node ranges
Oct 13 19:45:23 kernel: [    0.007824]   node   0: [mem 0x0000000000001000-0x000000000009efff]
Oct 13 19:45:23 kernel: [    0.007825]   node   0: [mem 0x0000000000100000-0x0000000067987fff]
Oct 13 19:45:23 kernel: [    0.007826]   node   0: [mem 0x0000000068288000-0x000000006a09efff]
Oct 13 19:45:23 kernel: [    0.007826]   node   0: [mem 0x000000006bc4f000-0x000000006bc4ffff]
Oct 13 19:45:23 kernel: [    0.007827]   node   0: [mem 0x0000000100000000-0x0000000482bfffff]
Oct 13 19:45:23 kernel: [    0.007829] Initmem setup node 0 [mem 0x0000000000001000-0x0000000482bfffff]
Oct 13 19:45:23 kernel: [    0.007833] On node 0, zone DMA: 1 pages in unavailable ranges
Oct 13 19:45:23 kernel: [    0.007851] On node 0, zone DMA: 97 pages in unavailable ranges
Oct 13 19:45:23 kernel: [    0.010084] On node 0, zone DMA32: 2304 pages in unavailable ranges
Oct 13 19:45:23 kernel: [    0.010130] On node 0, zone DMA32: 7088 pages in unavailable ranges
Oct 13 19:45:23 kernel: [    0.010436] On node 0, zone Normal: 17328 pages in unavailable ranges
Oct 13 19:45:23 kernel: [    0.010578] On node 0, zone Normal: 21504 pages in unavailable ranges
Oct 13 19:45:23 kernel: [    0.010629] Reserving Intel graphics memory at [mem 0x79800000-0x7d3fffff]
Oct 13 19:45:23 kernel: [    0.011118] ACPI: PM-Timer IO Port: 0x1808
Oct 13 19:45:23 kernel: [    0.011125] ACPI: LAPIC_NMI (acpi_id[0x01] high edge lint[0x1])
Oct 13 19:45:23 kernel: [    0.011127] ACPI: LAPIC_NMI (acpi_id[0x02] high edge lint[0x1])
Oct 13 19:45:23 kernel: [    0.011127] ACPI: LAPIC_NMI (acpi_id[0x03] high edge lint[0x1])
Oct 13 19:45:23 kernel: [    0.011128] ACPI: LAPIC_NMI (acpi_id[0x04] high edge lint[0x1])
Oct 13 19:45:23 kernel: [    0.011128] ACPI: LAPIC_NMI (acpi_id[0x05] high edge lint[0x1])
Oct 13 19:45:23 kernel: [    0.011129] ACPI: LAPIC_NMI (acpi_id[0x06] high edge lint[0x1])
Oct 13 19:45:23 kernel: [    0.011129] ACPI: LAPIC_NMI (acpi_id[0x07] high edge lint[0x1])
Oct 13 19:45:23 kernel: [    0.011130] ACPI: LAPIC_NMI (acpi_id[0x08] high edge lint[0x1])
Oct 13 19:45:23 kernel: [    0.011130] ACPI: LAPIC_NMI (acpi_id[0x09] high edge lint[0x1])
Oct 13 19:45:23 kernel: [    0.011131] ACPI: LAPIC_NMI (acpi_id[0x0a] high edge lint[0x1])
Oct 13 19:45:23 kernel: [    0.011131] ACPI: LAPIC_NMI (acpi_id[0x0b] high edge lint[0x1])
Oct 13 19:45:23 kernel: [    0.011132] ACPI: LAPIC_NMI (acpi_id[0x0c] high edge lint[0x1])
Oct 13 19:45:23 kernel: [    0.011132] ACPI: LAPIC_NMI (acpi_id[0x0d] high edge lint[0x1])
Oct 13 19:45:23 kernel: [    0.011133] ACPI: LAPIC_NMI (acpi_id[0x0e] high edge lint[0x1])
Oct 13 19:45:23 kernel: [    0.011133] ACPI: LAPIC_NMI (acpi_id[0x0f] high edge lint[0x1])
Oct 13 19:45:23 kernel: [    0.011134] ACPI: LAPIC_NMI (acpi_id[0x10] high edge lint[0x1])
Oct 13 19:45:23 kernel: [    0.011167] IOAPIC[0]: apic_id 2, version 32, address 0xfec00000, GSI 0-119
Oct 13 19:45:23 kernel: [    0.011170] ACPI: INT_SRC_OVR (bus 0 bus_irq 0 global_irq 2 dfl dfl)
Oct 13 19:45:23 kernel: [    0.011171] ACPI: INT_SRC_OVR (bus 0 bus_irq 9 global_irq 9 high level)
Oct 13 19:45:23 kernel: [    0.011175] ACPI: Using ACPI (MADT) for SMP configuration information
Oct 13 19:45:23 kernel: [    0.011175] ACPI: HPET id: 0x8086a201 base: 0xfed00000
Oct 13 19:45:23 kernel: [    0.011181] e820: update [mem 0x63a19000-0x63b0cfff] usable ==> reserved
Oct 13 19:45:23 kernel: [    0.011192] TSC deadline timer available
Oct 13 19:45:23 kernel: [    0.011196] CPU topo: Max. logical packages:   1
Oct 13 19:45:23 kernel: [    0.011196] CPU topo: Max. logical dies:       1
Oct 13 19:45:23 kernel: [    0.011197] CPU topo: Max. dies per package:   1
Oct 13 19:45:23 kernel: [    0.011200] CPU topo: Max. threads per core:   2
Oct 13 19:45:23 kernel: [    0.011201] CPU topo: Num. cores per package:     4
Oct 13 19:45:23 kernel: [    0.011201] CPU topo: Num. threads per package:   8
Oct 13 19:45:23 kernel: [    0.011201] CPU topo: Allowing 8 present CPUs plus 0 hotplug CPUs
Oct 13 19:45:23 kernel: [    0.011213] PM: hibernation: Registered nosave memory: [mem 0x00000000-0x00000fff]
Oct 13 19:45:23 kernel: [    0.011215] PM: hibernation: Registered nosave memory: [mem 0x0009f000-0x000fffff]
Oct 13 19:45:23 kernel: [    0.011216] PM: hibernation: Registered nosave memory: [mem 0x63a19000-0x63b0cfff]
Oct 13 19:45:23 kernel: [    0.011217] PM: hibernation: Registered nosave memory: [mem 0x67988000-0x68287fff]
Oct 13 19:45:23 kernel: [    0.011218] PM: hibernation: Registered nosave memory: [mem 0x6a09f000-0x6bc4efff]
Oct 13 19:45:23 kernel: [    0.011219] PM: hibernation: Registered nosave memory: [mem 0x6bc50000-0xffffffff]
Oct 13 19:45:23 kernel: [    0.011221] [mem 0x7d400000-0xfecfffff] available for PCI devices
Oct 13 19:45:23 kernel: [    0.011222] Booting paravirtualized kernel on bare hardware
Oct 13 19:45:23 kernel: [    0.011223] clocksource: refined-jiffies: mask: 0xffffffff max_cycles: 0xffffffff, max_idle_ns: 7645519600211568 ns
Oct 13 19:45:23 kernel: [    0.015919] setup_percpu: NR_CPUS:8192 nr_cpumask_bits:8 nr_cpu_ids:8 nr_node_ids:1
Oct 13 19:45:23 kernel: [    0.016337] percpu: Embedded 66 pages/cpu s233472 r8192 d28672 u524288
Oct 13 19:45:23 kernel: [    0.016341] pcpu-alloc: s233472 r8192 d28672 u524288 alloc=1*2097152
Oct 13 19:45:23 kernel: [    0.016343] pcpu-alloc: [0] 0 1 2 3 [0] 4 5 6 7 
Oct 13 19:45:23 kernel: [    0.016357] Kernel command line: BOOT_IMAGE=/install/gtk/vmlinuz vga=788 --- quiet
Oct 13 19:45:23 kernel: [    0.016406] Unknown kernel command line parameters "--- BOOT_IMAGE=/install/gtk/vmlinuz vga=788", will be passed to user space.
Oct 13 19:45:23 kernel: [    0.017772] Dentry cache hash table entries: 2097152 (order: 12, 16777216 bytes, linear)
Oct 13 19:45:23 kernel: [    0.018455] Inode-cache hash table entries: 1048576 (order: 11, 8388608 bytes, linear)
Oct 13 19:45:23 kernel: [    0.018538] Fallback order for Node 0: 0 
Oct 13 19:45:23 kernel: [    0.018541] Built 1 zonelists, mobility grouping on.  Total pages: 4113214
Oct 13 19:45:23 kernel: [    0.018542] Policy zone: Normal
Oct 13 19:45:23 kernel: [    0.018549] mem auto-init: stack:all(zero), heap alloc:on, heap free:off
Oct 13 19:45:23 kernel: [    0.018557] software IO TLB: area num 8.
Oct 13 19:45:23 kernel: [    0.034971] SLUB: HWalign=64, Order=0-3, MinObjects=0, CPUs=8, Nodes=1
Oct 13 19:45:23 kernel: [    0.035009] ftrace: allocating 45722 entries in 179 pages
Oct 13 19:45:23 kernel: [    0.041523] ftrace: allocated 179 pages with 5 groups
Oct 13 19:45:23 kernel: [    0.042150] Dynamic Preempt: voluntary
Oct 13 19:45:23 kernel: [    0.042195] rcu: Preemptible hierarchical RCU implementation.
Oct 13 19:45:23 kernel: [    0.042195] rcu: 	RCU restricting CPUs from NR_CPUS=8192 to nr_cpu_ids=8.
Oct 13 19:45:23 kernel: [    0.042196] 	Trampoline variant of Tasks RCU enabled.
Oct 13 19:45:23 kernel: [    0.042197] 	Rude variant of Tasks RCU enabled.
Oct 13 19:45:23 kernel: [    0.042197] 	Tracing variant of Tasks RCU enabled.
Oct 13 19:45:23 kernel: [    0.042198] rcu: RCU calculated value of scheduler-enlistment delay is 25 jiffies.
Oct 13 19:45:23 kernel: [    0.042198] rcu: Adjusting geometry for rcu_fanout_leaf=16, nr_cpu_ids=8
Oct 13 19:45:23 kernel: [    0.042211] RCU Tasks: Setting shift to 3 and lim to 1 rcu_task_cb_adjust=1 rcu_task_cpu_ids=8.
Oct 13 19:45:23 kernel: [    0.042213] RCU Tasks Rude: Setting shift to 3 and lim to 1 rcu_task_cb_adjust=1 rcu_task_cpu_ids=8.
Oct 13 19:45:23 kernel: [    0.042214] RCU Tasks Trace: Setting shift to 3 and lim to 1 rcu_task_cb_adjust=1 rcu_task_cpu_ids=8.
Oct 13 19:45:23 kernel: [    0.046122] NR_IRQS: 524544, nr_irqs: 2048, preallocated irqs: 16
Oct 13 19:45:23 kernel: [    0.046403] rcu: srcu_init: Setting srcu_struct sizes based on contention.
Oct 13 19:45:23 kernel: [    0.046582] Console: colour dummy device 80x25
Oct 13 19:45:23 kernel: [    0.046584] printk: legacy console [tty0] enabled
Oct 13 19:45:23 kernel: [    0.046621] ACPI: Core revision 20240827
Oct 13 19:45:23 kernel: [    0.046807] hpet: HPET dysfunctional in PC10. Force disabled.
Oct 13 19:45:23 kernel: [    0.046877] APIC: Switch to symmetric I/O mode setup
Oct 13 19:45:23 kernel: [    0.046879] DMAR: Host address width 39
Oct 13 19:45:23 kernel: [    0.046880] DMAR: DRHD base: 0x000000fed90000 flags: 0x0
Oct 13 19:45:23 kernel: [    0.046885] DMAR: dmar0: reg_base_addr fed90000 ver 4:0 cap 1c0000c40660462 ecap 49e2ff0505e
Oct 13 19:45:23 kernel: [    0.046888] DMAR: DRHD base: 0x000000fed91000 flags: 0x1
Oct 13 19:45:23 kernel: [    0.046893] DMAR: dmar1: reg_base_addr fed91000 ver 1:0 cap d2008c40660462 ecap f050da
Oct 13 19:45:23 kernel: [    0.046895] DMAR: RMRR base: 0x0000006b35a000 end: 0x0000006b379fff
Oct 13 19:45:23 kernel: [    0.046897] DMAR: RMRR base: 0x00000079000000 end: 0x0000007d3fffff
Oct 13 19:45:23 kernel: [    0.046899] DMAR-IR: IOAPIC id 2 under DRHD base  0xfed91000 IOMMU 1
Oct 13 19:45:23 kernel: [    0.046900] DMAR-IR: HPET id 0 under DRHD base 0xfed91000
Oct 13 19:45:23 kernel: [    0.046901] DMAR-IR: x2apic is disabled because BIOS sets x2apic opt out bit.
Oct 13 19:45:23 kernel: [    0.046902] DMAR-IR: Use 'intremap=no_x2apic_optout' to override the BIOS setting.
Oct 13 19:45:23 kernel: [    0.048563] DMAR-IR: Enabled IRQ remapping in xapic mode
Oct 13 19:45:23 kernel: [    0.048564] x2apic: IRQ remapping doesn't support X2APIC mode
Oct 13 19:45:23 kernel: [    0.052962] clocksource: tsc-early: mask: 0xffffffffffffffff max_cycles: 0x1128af0325d, max_idle_ns: 440795261011 ns
Oct 13 19:45:23 kernel: [    0.052969] Calibrating delay loop (skipped), value calculated using timer frequency.. 2380.80 BogoMIPS (lpj=4761600)
Oct 13 19:45:23 kernel: [    0.053006] CPU0: Thermal monitoring enabled (TM1)
Oct 13 19:45:23 kernel: [    0.053008] x86/cpu: User Mode Instruction Prevention (UMIP) activated
Oct 13 19:45:23 kernel: [    0.053064] Last level iTLB entries: 4KB 0, 2MB 0, 4MB 0
Oct 13 19:45:23 kernel: [    0.053065] Last level dTLB entries: 4KB 0, 2MB 0, 4MB 0, 1GB 0
Oct 13 19:45:23 kernel: [    0.053068] process: using mwait in idle threads
Oct 13 19:45:23 kernel: [    0.053070] Spectre V1 : Mitigation: usercopy/swapgs barriers and __user pointer sanitization
Oct 13 19:45:23 kernel: [    0.053072] Spectre V2 : Spectre BHI mitigation: SW BHB clearing on syscall and VM exit
Oct 13 19:45:23 kernel: [    0.053072] Spectre V2 : Mitigation: Enhanced / Automatic IBRS
Oct 13 19:45:23 kernel: [    0.053073] Spectre V2 : Spectre v2 / PBRSB-eIBRS: Retire a single CALL on VMEXIT
Oct 13 19:45:23 kernel: [    0.053074] RETBleed: Mitigation: Enhanced IBRS
Oct 13 19:45:23 kernel: [    0.053075] Spectre V2 : mitigation: Enabling conditional Indirect Branch Prediction Barrier
Oct 13 19:45:23 kernel: [    0.053076] Speculative Store Bypass: Mitigation: Speculative Store Bypass disabled via prctl
Oct 13 19:45:23 kernel: [    0.053080] MMIO Stale Data: Vulnerable: Clear CPU buffers attempted, no microcode
Oct 13 19:45:23 kernel: [    0.053081] SRBDS: Vulnerable: No microcode
Oct 13 19:45:23 kernel: [    0.053082] GDS: Vulnerable: No microcode
Oct 13 19:45:23 kernel: [    0.053083] active return thunk: its_return_thunk
Oct 13 19:45:23 kernel: [    0.053087] ITS: Mitigation: Aligned branch/return thunks
Oct 13 19:45:23 kernel: [    0.053093] x86/fpu: Supporting XSAVE feature 0x001: 'x87 floating point registers'
Oct 13 19:45:23 kernel: [    0.053095] x86/fpu: Supporting XSAVE feature 0x002: 'SSE registers'
Oct 13 19:45:23 kernel: [    0.053095] x86/fpu: Supporting XSAVE feature 0x004: 'AVX registers'
Oct 13 19:45:23 kernel: [    0.053096] x86/fpu: Supporting XSAVE feature 0x020: 'AVX-512 opmask'
Oct 13 19:45:23 kernel: [    0.053097] x86/fpu: Supporting XSAVE feature 0x040: 'AVX-512 Hi256'
Oct 13 19:45:23 kernel: [    0.053098] x86/fpu: Supporting XSAVE feature 0x080: 'AVX-512 ZMM_Hi256'
Oct 13 19:45:23 kernel: [    0.053098] x86/fpu: Supporting XSAVE feature 0x200: 'Protection Keys User registers'
Oct 13 19:45:23 kernel: [    0.053099] x86/fpu: xstate_offset[2]:  576, xstate_sizes[2]:  256
Oct 13 19:45:23 kernel: [    0.053101] x86/fpu: xstate_offset[5]:  832, xstate_sizes[5]:   64
Oct 13 19:45:23 kernel: [    0.053102] x86/fpu: xstate_offset[6]:  896, xstate_sizes[6]:  512
Oct 13 19:45:23 kernel: [    0.053102] x86/fpu: xstate_offset[7]: 1408, xstate_sizes[7]: 1024
Oct 13 19:45:23 kernel: [    0.053103] x86/fpu: xstate_offset[9]: 2432, xstate_sizes[9]:    8
Oct 13 19:45:23 kernel: [    0.053104] x86/fpu: Enabled xstate features 0x2e7, context size is 2440 bytes, using 'compacted' format.
Oct 13 19:45:23 kernel: [    0.056966] Freeing SMP alternatives memory: 40K
Oct 13 19:45:23 kernel: [    0.056966] pid_max: default: 32768 minimum: 301
Oct 13 19:45:23 kernel: [    0.056966] LSM: initializing lsm=lockdown,capability,landlock,yama,apparmor,tomoyo,bpf,ipe,ima,evm
Oct 13 19:45:23 kernel: [    0.056966] landlock: Up and running.
Oct 13 19:45:23 kernel: [    0.056966] Yama: disabled by default; enable with sysctl kernel.yama.*
Oct 13 19:45:23 kernel: [    0.056966] AppArmor: AppArmor initialized
Oct 13 19:45:23 kernel: [    0.056966] TOMOYO Linux initialized
Oct 13 19:45:23 kernel: [    0.056966] LSM support for eBPF active
Oct 13 19:45:23 kernel: [    0.056966] Mount-cache hash table entries: 32768 (order: 6, 262144 bytes, linear)
Oct 13 19:45:23 kernel: [    0.056966] Mountpoint-cache hash table entries: 32768 (order: 6, 262144 bytes, linear)
Oct 13 19:45:23 kernel: [    0.056966] smpboot: CPU0: Intel(R) Core(TM) i5-1035G1 CPU @ 1.00GHz (family: 0x6, model: 0x7e, stepping: 0x5)
Oct 13 19:45:23 kernel: [    0.056966] Performance Events: PEBS fmt4+-baseline,  AnyThread deprecated, Icelake events, 32-deep LBR, full-width counters, Intel PMU driver.
Oct 13 19:45:23 kernel: [    0.056966] ... version:                5
Oct 13 19:45:23 kernel: [    0.056966] ... bit width:              48
Oct 13 19:45:23 kernel: [    0.056966] ... generic registers:      8
Oct 13 19:45:23 kernel: [    0.056966] ... value mask:             0000ffffffffffff
Oct 13 19:45:23 kernel: [    0.056966] ... max period:             00007fffffffffff
Oct 13 19:45:23 kernel: [    0.056966] ... fixed-purpose events:   4
Oct 13 19:45:23 kernel: [    0.056966] ... event mask:             0001000f000000ff
Oct 13 19:45:23 kernel: [    0.056966] signal: max sigframe size: 3632
Oct 13 19:45:23 kernel: [    0.056966] Estimated ratio of average max frequency by base frequency (times 1024): 2816
Oct 13 19:45:23 kernel: [    0.056966] rcu: Hierarchical SRCU implementation.
Oct 13 19:45:23 kernel: [    0.056966] rcu: 	Max phase no-delay instances is 1000.
Oct 13 19:45:23 kernel: [    0.056966] Timer migration: 1 hierarchy levels; 8 children per group; 1 crossnode level
Oct 13 19:45:23 kernel: [    0.056966] NMI watchdog: Enabled. Permanently consumes one hw-PMU counter.
Oct 13 19:45:23 kernel: [    0.056966] smp: Bringing up secondary CPUs ...
Oct 13 19:45:23 kernel: [    0.056966] smpboot: x86: Booting SMP configuration:
Oct 13 19:45:23 kernel: [    0.056966] .... node  #0, CPUs:      #1 #2 #3
Oct 13 19:45:23 kernel: [    0.010425] [Firmware Bug]: TSC ADJUST differs within socket(s), fixing all errors
Oct 13 19:45:23 kernel: [    0.056966]  #4 #5 #6 #7
Oct 13 19:45:23 kernel: [    0.057465] Transient Scheduler Attacks: MMIO Stale Data CPU bug present and SMT on, data leak possible. See https://www.kernel.org/doc/html/latest/admin-guide/hw-vuln/processor_mmio_stale_data.html for more details.
Oct 13 19:45:23 kernel: [    0.057465] smp: Brought up 1 node, 8 CPUs
Oct 13 19:45:23 kernel: [    0.057465] smpboot: Total of 8 processors activated (19046.40 BogoMIPS)
Oct 13 19:45:23 kernel: [    0.079302] node 0 deferred pages initialised in 16ms
Oct 13 19:45:23 kernel: [    0.079302] Memory: 15974460K/16452856K available (16384K kernel code, 2486K rwdata, 11788K rodata, 4144K init, 4956K bss, 464888K reserved, 0K cma-reserved)
Oct 13 19:45:23 kernel: [    0.079302] devtmpfs: initialized
Oct 13 19:45:23 kernel: [    0.079302] x86/mm: Memory block size: 128MB
Oct 13 19:45:23 kernel: [    0.081115] ACPI: PM: Registering ACPI NVS region [mem 0x6b4df000-0x6bbcefff] (7274496 bytes)
Oct 13 19:45:23 kernel: [    0.081115] clocksource: jiffies: mask: 0xffffffff max_cycles: 0xffffffff, max_idle_ns: 7645041785100000 ns
Oct 13 19:45:23 kernel: [    0.081115] futex hash table entries: 2048 (order: 5, 131072 bytes, linear)
Oct 13 19:45:23 kernel: [    0.081115] pinctrl core: initialized pinctrl subsystem
Oct 13 19:45:23 kernel: [    0.081614] NET: Registered PF_NETLINK/PF_ROUTE protocol family
Oct 13 19:45:23 kernel: [    0.081850] DMA: preallocated 2048 KiB GFP_KERNEL pool for atomic allocations
Oct 13 19:45:23 kernel: [    0.081986] DMA: preallocated 2048 KiB GFP_KERNEL|GFP_DMA pool for atomic allocations
Oct 13 19:45:23 kernel: [    0.082119] DMA: preallocated 2048 KiB GFP_KERNEL|GFP_DMA32 pool for atomic allocations
Oct 13 19:45:23 kernel: [    0.082127] audit: initializing netlink subsys (disabled)
Oct 13 19:45:23 kernel: [    0.082137] audit: type=2000 audit(1760384719.000:1): state=initialized audit_enabled=0 res=1
Oct 13 19:45:23 kernel: [    0.082137] thermal_sys: Registered thermal governor 'fair_share'
Oct 13 19:45:23 kernel: [    0.082137] thermal_sys: Registered thermal governor 'bang_bang'
Oct 13 19:45:23 kernel: [    0.082137] thermal_sys: Registered thermal governor 'step_wise'
Oct 13 19:45:23 kernel: [    0.082137] thermal_sys: Registered thermal governor 'user_space'
Oct 13 19:45:23 kernel: [    0.082137] thermal_sys: Registered thermal governor 'power_allocator'
Oct 13 19:45:23 kernel: [    0.082137] cpuidle: using governor ladder
Oct 13 19:45:23 kernel: [    0.082137] cpuidle: using governor menu
Oct 13 19:45:23 kernel: [    0.082137] acpiphp: ACPI Hot Plug PCI Controller Driver version: 0.5
Oct 13 19:45:23 kernel: [    0.082137] PCI: ECAM [mem 0xc0000000-0xcfffffff] (base 0xc0000000) for domain 0000 [bus 00-ff]
Oct 13 19:45:23 kernel: [    0.082137] PCI: Using configuration type 1 for base access
Oct 13 19:45:23 kernel: [    0.082137] kprobes: kprobe jump-optimization is enabled. All kprobes are optimized if possible.
Oct 13 19:45:23 kernel: [    0.082137] HugeTLB: registered 1.00 GiB page size, pre-allocated 0 pages
Oct 13 19:45:23 kernel: [    0.082137] HugeTLB: 16380 KiB vmemmap can be freed for a 1.00 GiB page
Oct 13 19:45:23 kernel: [    0.082137] HugeTLB: registered 2.00 MiB page size, pre-allocated 0 pages
Oct 13 19:45:23 kernel: [    0.082137] HugeTLB: 28 KiB vmemmap can be freed for a 2.00 MiB page
Oct 13 19:45:23 kernel: [    0.082137] ACPI: Added _OSI(Module Device)
Oct 13 19:45:23 kernel: [    0.082137] ACPI: Added _OSI(Processor Device)
Oct 13 19:45:23 kernel: [    0.082137] ACPI: Added _OSI(Processor Aggregator Device)
Oct 13 19:45:23 kernel: [    0.118167] ACPI: 10 ACPI AML tables successfully acquired and loaded
Oct 13 19:45:23 kernel: [    0.118783] ACPI: EC: EC started
Oct 13 19:45:23 kernel: [    0.118783] ACPI: EC: interrupt blocked
Oct 13 19:45:23 kernel: [    0.119162] ACPI: EC: EC_CMD/EC_SC=0x66, EC_DATA=0x62
Oct 13 19:45:23 kernel: [    0.119163] ACPI: EC: Boot ECDT EC used to handle transactions
Oct 13 19:45:23 kernel: [    0.123686] ACPI: Dynamic OEM Table Load:
Oct 13 19:45:23 kernel: [    0.123686] ACPI: SSDT 0xFFFF9C77C1710C00 000386 (v02 PmRef  Cpu0Cst  00003001 INTL 20160422)
Oct 13 19:45:23 kernel: [    0.123686] ACPI: Dynamic OEM Table Load:
Oct 13 19:45:23 kernel: [    0.123686] ACPI: SSDT 0xFFFF9C77C1713000 000371 (v02 PmRef  Cpu0Ist  00003000 INTL 20160422)
Oct 13 19:45:23 kernel: [    0.125277] ACPI: Dynamic OEM Table Load:
Oct 13 19:45:23 kernel: [    0.125282] ACPI: SSDT 0xFFFF9C7B329C4700 0000F4 (v02 PmRef  Cpu0Psd  00003000 INTL 20160422)
Oct 13 19:45:23 kernel: [    0.125841] ACPI: Dynamic OEM Table Load:
Oct 13 19:45:23 kernel: [    0.125845] ACPI: SSDT 0xFFFF9C788F6FBE00 00012C (v02 PmRef  Cpu0Hwp  00003000 INTL 20160422)
Oct 13 19:45:23 kernel: [    0.126347] ACPI: Dynamic OEM Table Load:
Oct 13 19:45:23 kernel: [    0.126351] ACPI: SSDT 0xFFFF9C77C115E000 000724 (v02 PmRef  HwpLvt   00003000 INTL 20160422)
Oct 13 19:45:23 kernel: [    0.127014] ACPI: Dynamic OEM Table Load:
Oct 13 19:45:23 kernel: [    0.127018] ACPI: SSDT 0xFFFF9C77C1158800 0005FC (v02 PmRef  ApIst    00003000 INTL 20160422)
Oct 13 19:45:23 kernel: [    0.127631] ACPI: Dynamic OEM Table Load:
Oct 13 19:45:23 kernel: [    0.127634] ACPI: SSDT 0xFFFF9C77C1717400 000317 (v02 PmRef  ApHwp    00003000 INTL 20160422)
Oct 13 19:45:23 kernel: [    0.128256] ACPI: Dynamic OEM Table Load:
Oct 13 19:45:23 kernel: [    0.128261] ACPI: SSDT 0xFFFF9C77C019D000 000AB0 (v02 PmRef  ApPsd    00003000 INTL 20160422)
Oct 13 19:45:23 kernel: [    0.129151] ACPI: Dynamic OEM Table Load:
Oct 13 19:45:23 kernel: [    0.129155] ACPI: SSDT 0xFFFF9C77C1712400 00030A (v02 PmRef  ApCst    00003000 INTL 20160422)
Oct 13 19:45:23 kernel: [    0.131167] ACPI: Interpreter enabled
Oct 13 19:45:23 kernel: [    0.131206] ACPI: PM: (supports S0 S4 S5)
Oct 13 19:45:23 kernel: [    0.131207] ACPI: Using IOAPIC for interrupt routing
Oct 13 19:45:23 kernel: [    0.131237] PCI: Lenovo *IIL* product version detected: not clipping E820 regions from _CRS
Oct 13 19:45:23 kernel: [    0.131238] PCI: Using host bridge windows from ACPI; if necessary, use "pci=nocrs" and report a bug
Oct 13 19:45:23 kernel: [    0.131239] PCI: Ignoring E820 reservations for host bridge windows
Oct 13 19:45:23 kernel: [    0.131464] ACPI: Enabled 7 GPEs in block 00 to 7F
Oct 13 19:45:23 kernel: [    0.139633] ACPI: \_SB_.PCI0.SAT0.VOL0.V0PR: New power resource
Oct 13 19:45:23 kernel: [    0.139734] ACPI: \_SB_.PCI0.SAT0.VOL1.V1PR: New power resource
Oct 13 19:45:23 kernel: [    0.139828] ACPI: \_SB_.PCI0.SAT0.VOL2.V2PR: New power resource
Oct 13 19:45:23 kernel: [    0.140155] ACPI: \_SB_.PCI0.I2C0.PXTC: New power resource
Oct 13 19:45:23 kernel: [    0.261687] ACPI: \_SB_.PCI0.CNVW.WRST: New power resource
Oct 13 19:45:23 kernel: [    0.261891] ACPI: \_SB_.PCI0.D3C_: New power resource
Oct 13 19:45:23 kernel: [    0.266102] ACPI: \PIN_: New power resource
Oct 13 19:45:23 kernel: [    0.266411] ACPI: PCI Root Bridge [PCI0] (domain 0000 [bus 00-fe])
Oct 13 19:45:23 kernel: [    0.266417] acpi PNP0A08:00: _OSC: OS supports [ExtendedConfig ASPM ClockPM Segments MSI HPX-Type3]
Oct 13 19:45:23 kernel: [    0.269828] acpi PNP0A08:00: _OSC: OS now controls [PCIeHotplug SHPCHotplug PME AER PCIeCapability LTR]
Oct 13 19:45:23 kernel: [    0.272949] PCI host bridge to bus 0000:00
Oct 13 19:45:23 kernel: [    0.272952] pci_bus 0000:00: root bus resource [io  0x0000-0x0cf7 window]
Oct 13 19:45:23 kernel: [    0.272953] pci_bus 0000:00: root bus resource [io  0x0d00-0xffff window]
Oct 13 19:45:23 kernel: [    0.272955] pci_bus 0000:00: root bus resource [mem 0x000a0000-0x000bffff window]
Oct 13 19:45:23 kernel: [    0.272956] pci_bus 0000:00: root bus resource [mem 0x7d400000-0xbfffffff window]
Oct 13 19:45:23 kernel: [    0.272957] pci_bus 0000:00: root bus resource [mem 0x4000000000-0x7fffffffff window]
Oct 13 19:45:23 kernel: [    0.272958] pci_bus 0000:00: root bus resource [bus 00-fe]
Oct 13 19:45:23 kernel: [    0.273025] pci 0000:00:00.0: [8086:8a12] type 00 class 0x060000 conventional PCI endpoint
Oct 13 19:45:23 kernel: [    0.273442] pci 0000:00:02.0: [8086:8a56] type 00 class 0x030000 PCIe Root Complex Integrated Endpoint
Oct 13 19:45:23 kernel: [    0.273450] pci 0000:00:02.0: BAR 0 [mem 0x6000000000-0x6000ffffff 64bit]
Oct 13 19:45:23 kernel: [    0.273456] pci 0000:00:02.0: BAR 2 [mem 0x4000000000-0x400fffffff 64bit pref]
Oct 13 19:45:23 kernel: [    0.273460] pci 0000:00:02.0: BAR 4 [io  0x3000-0x303f]
Oct 13 19:45:23 kernel: [    0.273475] pci 0000:00:02.0: DMAR: Skip IOMMU disabling for graphics
Oct 13 19:45:23 kernel: [    0.273478] pci 0000:00:02.0: Video device with shadowed ROM at [mem 0x000c0000-0x000dffff]
Oct 13 19:45:23 kernel: [    0.273624] pci 0000:00:04.0: [8086:8a03] type 00 class 0x118000 conventional PCI endpoint
Oct 13 19:45:23 kernel: [    0.273643] pci 0000:00:04.0: BAR 0 [mem 0x6001110000-0x600111ffff 64bit]
Oct 13 19:45:23 kernel: [    0.273909] pci 0000:00:0d.0: [8086:8a13] type 00 class 0x0c0330 conventional PCI endpoint
Oct 13 19:45:23 kernel: [    0.273921] pci 0000:00:0d.0: BAR 0 [mem 0x6001100000-0x600110ffff 64bit]
Oct 13 19:45:23 kernel: [    0.273970] pci 0000:00:0d.0: PME# supported from D3hot D3cold
Oct 13 19:45:23 kernel: [    0.274270] pci 0000:00:14.0: [8086:34ed] type 00 class 0x0c0330 conventional PCI endpoint
Oct 13 19:45:23 kernel: [    0.274292] pci 0000:00:14.0: BAR 0 [mem 0x7d500000-0x7d50ffff 64bit]
Oct 13 19:45:23 kernel: [    0.274371] pci 0000:00:14.0: PME# supported from D3hot D3cold
Oct 13 19:45:23 kernel: [    0.274627] pci 0000:00:14.2: [8086:34ef] type 00 class 0x050000 conventional PCI endpoint
Oct 13 19:45:23 kernel: [    0.274654] pci 0000:00:14.2: BAR 0 [mem 0x6001128000-0x6001129fff 64bit]
Oct 13 19:45:23 kernel: [    0.274672] pci 0000:00:14.2: BAR 2 [mem 0x600112e000-0x600112efff 64bit]
Oct 13 19:45:23 kernel: [    0.274850] pci 0000:00:14.3: [8086:34f0] type 00 class 0x028000 PCIe Root Complex Integrated Endpoint
Oct 13 19:45:23 kernel: [    0.274893] pci 0000:00:14.3: BAR 0 [mem 0x6001124000-0x6001127fff 64bit]
Oct 13 19:45:23 kernel: [    0.275032] pci 0000:00:14.3: PME# supported from D0 D3hot D3cold
Oct 13 19:45:23 kernel: [    0.275311] pci 0000:00:15.0: [8086:34e8] type 00 class 0x0c8000 conventional PCI endpoint
Oct 13 19:45:23 kernel: [    0.275370] pci 0000:00:15.0: BAR 0 [mem 0x00000000-0x00000fff 64bit]
Oct 13 19:45:23 kernel: [    0.275757] pci 0000:00:15.1: [8086:34e9] type 00 class 0x0c8000 conventional PCI endpoint
Oct 13 19:45:23 kernel: [    0.275816] pci 0000:00:15.1: BAR 0 [mem 0x00000000-0x00000fff 64bit]
Oct 13 19:45:23 kernel: [    0.276127] pci 0000:00:16.0: [8086:34e0] type 00 class 0x078000 conventional PCI endpoint
Oct 13 19:45:23 kernel: [    0.276154] pci 0000:00:16.0: BAR 0 [mem 0x600112b000-0x600112bfff 64bit]
Oct 13 19:45:23 kernel: [    0.276249] pci 0000:00:16.0: PME# supported from D3hot
Oct 13 19:45:23 kernel: [    0.276593] pci 0000:00:17.0: [8086:34d3] type 00 class 0x010601 conventional PCI endpoint
Oct 13 19:45:23 kernel: [    0.276614] pci 0000:00:17.0: BAR 0 [mem 0x7d510000-0x7d511fff]
Oct 13 19:45:23 kernel: [    0.276624] pci 0000:00:17.0: BAR 1 [mem 0x7d514000-0x7d5140ff]
Oct 13 19:45:23 kernel: [    0.276634] pci 0000:00:17.0: BAR 2 [io  0x3080-0x3087]
Oct 13 19:45:23 kernel: [    0.276645] pci 0000:00:17.0: BAR 3 [io  0x3088-0x308b]
Oct 13 19:45:23 kernel: [    0.276655] pci 0000:00:17.0: BAR 4 [io  0x3060-0x307f]
Oct 13 19:45:23 kernel: [    0.276666] pci 0000:00:17.0: BAR 5 [mem 0x7d513000-0x7d5137ff]
Oct 13 19:45:23 kernel: [    0.276719] pci 0000:00:17.0: PME# supported from D3hot
Oct 13 19:45:23 kernel: [    0.276982] pci 0000:00:1d.0: [8086:34b4] type 01 class 0x060400 PCIe Root Port
Oct 13 19:45:23 kernel: [    0.277016] pci 0000:00:1d.0: PCI bridge to [bus 01]
Oct 13 19:45:23 kernel: [    0.277023] pci 0000:00:1d.0:   bridge window [mem 0x7d400000-0x7d4fffff]
Oct 13 19:45:23 kernel: [    0.277123] pci 0000:00:1d.0: PME# supported from D0 D3hot D3cold
Oct 13 19:45:23 kernel: [    0.277169] pci 0000:00:1d.0: PTM enabled (root), 4ns granularity
Oct 13 19:45:23 kernel: [    0.277619] pci 0000:00:1f.0: [8086:3482] type 00 class 0x060100 conventional PCI endpoint
Oct 13 19:45:23 kernel: [    0.277920] pci 0000:00:1f.3: [8086:34c8] type 00 class 0x040100 conventional PCI endpoint
Oct 13 19:45:23 kernel: [    0.277964] pci 0000:00:1f.3: BAR 0 [mem 0x6001120000-0x6001123fff 64bit]
Oct 13 19:45:23 kernel: [    0.278014] pci 0000:00:1f.3: BAR 4 [mem 0x6001000000-0x60010fffff 64bit]
Oct 13 19:45:23 kernel: [    0.278115] pci 0000:00:1f.3: PME# supported from D3hot D3cold
Oct 13 19:45:23 kernel: [    0.278612] pci 0000:00:1f.4: [8086:34a3] type 00 class 0x0c0500 conventional PCI endpoint
Oct 13 19:45:23 kernel: [    0.278646] pci 0000:00:1f.4: BAR 0 [mem 0x600112a000-0x600112a0ff 64bit]
Oct 13 19:45:23 kernel: [    0.278678] pci 0000:00:1f.4: BAR 4 [io  0x3040-0x305f]
Oct 13 19:45:23 kernel: [    0.278867] pci 0000:00:1f.5: [8086:34a4] type 00 class 0x0c8000 conventional PCI endpoint
Oct 13 19:45:23 kernel: [    0.278890] pci 0000:00:1f.5: BAR 0 [mem 0xfe010000-0xfe010fff]
Oct 13 19:45:23 kernel: [    0.279286] pci 0000:01:00.0: [1e0f:0001] type 00 class 0x010802 PCIe Endpoint
Oct 13 19:45:23 kernel: [    0.279312] pci 0000:01:00.0: BAR 0 [mem 0x7d400000-0x7d403fff 64bit]
Oct 13 19:45:23 kernel: [    0.279461] pci 0000:01:00.0: PME# supported from D0 D3hot
Oct 13 19:45:23 kernel: [    0.279680] pci 0000:00:1d.0: PCI bridge to [bus 01]
Oct 13 19:45:23 kernel: [    0.287428] Low-power S0 idle used by default for system suspend
Oct 13 19:45:23 kernel: [    0.287883] ACPI: EC: interrupt unblocked
Oct 13 19:45:23 kernel: [    0.287884] ACPI: EC: event unblocked
Oct 13 19:45:23 kernel: [    0.287901] ACPI: EC: EC_CMD/EC_SC=0x66, EC_DATA=0x62
Oct 13 19:45:23 kernel: [    0.287901] ACPI: EC: GPE=0x6e
Oct 13 19:45:23 kernel: [    0.287903] ACPI: \_SB_.PCI0.LPCB.EC0_: Boot ECDT EC initialization complete
Oct 13 19:45:23 kernel: [    0.287904] ACPI: \_SB_.PCI0.LPCB.EC0_: EC: Used to handle transactions and events
Oct 13 19:45:23 kernel: [    0.287963] iommu: Default domain type: Translated
Oct 13 19:45:23 kernel: [    0.287963] iommu: DMA domain TLB invalidation policy: lazy mode
Oct 13 19:45:23 kernel: [    0.287963] pps_core: LinuxPPS API ver. 1 registered
Oct 13 19:45:23 kernel: [    0.287963] pps_core: Software ver. 5.3.6 - Copyright 2005-2007 Rodolfo Giometti <giometti@linux.it>
Oct 13 19:45:23 kernel: [    0.287963] PTP clock support registered
Oct 13 19:45:23 kernel: [    0.287963] EDAC MC: Ver: 3.0.0
Oct 13 19:45:23 kernel: [    0.287963] efivars: Registered efivars operations
Oct 13 19:45:23 kernel: [    0.287963] NetLabel: Initializing
Oct 13 19:45:23 kernel: [    0.287963] NetLabel:  domain hash size = 128
Oct 13 19:45:23 kernel: [    0.287963] NetLabel:  protocols = UNLABELED CIPSOv4 CALIPSO
Oct 13 19:45:23 kernel: [    0.287963] NetLabel:  unlabeled traffic allowed by default
Oct 13 19:45:23 kernel: [    0.287963] PCI: Using ACPI for IRQ routing
Oct 13 19:45:23 kernel: [    0.308429] PCI: pci_cache_line_size set to 64 bytes
Oct 13 19:45:23 kernel: [    0.308532] pci 0000:00:1f.5: BAR 0 [mem 0xfe010000-0xfe010fff]: can't claim; no compatible bridge window
Oct 13 19:45:23 kernel: [    0.308616] e820: reserve RAM buffer [mem 0x0009f000-0x0009ffff]
Oct 13 19:45:23 kernel: [    0.308617] e820: reserve RAM buffer [mem 0x639ad018-0x63ffffff]
Oct 13 19:45:23 kernel: [    0.308619] e820: reserve RAM buffer [mem 0x639be018-0x63ffffff]
Oct 13 19:45:23 kernel: [    0.308619] e820: reserve RAM buffer [mem 0x63a19000-0x63ffffff]
Oct 13 19:45:23 kernel: [    0.308620] e820: reserve RAM buffer [mem 0x67988000-0x67ffffff]
Oct 13 19:45:23 kernel: [    0.308621] e820: reserve RAM buffer [mem 0x6a09f000-0x6bffffff]
Oct 13 19:45:23 kernel: [    0.308622] e820: reserve RAM buffer [mem 0x6bc50000-0x6bffffff]
Oct 13 19:45:23 kernel: [    0.308623] e820: reserve RAM buffer [mem 0x482c00000-0x483ffffff]
Oct 13 19:45:23 kernel: [    0.308651] pci 0000:00:02.0: vgaarb: setting as boot VGA device
Oct 13 19:45:23 kernel: [    0.308651] pci 0000:00:02.0: vgaarb: bridge control possible
Oct 13 19:45:23 kernel: [    0.308651] pci 0000:00:02.0: vgaarb: VGA device added: decodes=io+mem,owns=io+mem,locks=none
Oct 13 19:45:23 kernel: [    0.308651] vgaarb: loaded
Oct 13 19:45:23 kernel: [    0.308651] clocksource: Switched to clocksource tsc-early
Oct 13 19:45:23 kernel: [    0.308651] VFS: Disk quotas dquot_6.6.0
Oct 13 19:45:23 kernel: [    0.308651] VFS: Dquot-cache hash table entries: 512 (order 0, 4096 bytes)
Oct 13 19:45:23 kernel: [    0.308651] AppArmor: AppArmor Filesystem Enabled
Oct 13 19:45:23 kernel: [    0.308651] pnp: PnP ACPI init
Oct 13 19:45:23 kernel: [    0.308651] system 00:00: [io  0x0680-0x069f] has been reserved
Oct 13 19:45:23 kernel: [    0.308651] system 00:00: [io  0x164e-0x164f] has been reserved
Oct 13 19:45:23 kernel: [    0.308651] system 00:02: [mem 0xfed10000-0xfed17fff] has been reserved
Oct 13 19:45:23 kernel: [    0.308651] system 00:02: [mem 0xfeda0000-0xfeda0fff] has been reserved
Oct 13 19:45:23 kernel: [    0.308651] system 00:02: [mem 0xfeda1000-0xfeda1fff] has been reserved
Oct 13 19:45:23 kernel: [    0.308651] system 00:02: [mem 0xc0000000-0xcfffffff] has been reserved
Oct 13 19:45:23 kernel: [    0.308651] system 00:02: [mem 0xfed20000-0xfed7ffff] could not be reserved
Oct 13 19:45:23 kernel: [    0.308651] system 00:02: [mem 0xfed90000-0xfed93fff] could not be reserved
Oct 13 19:45:23 kernel: [    0.308651] system 00:02: [mem 0xfee00000-0xfeefffff] could not be reserved
Oct 13 19:45:23 kernel: [    0.308651] system 00:03: [io  0x1800-0x18fe] could not be reserved
Oct 13 19:45:23 kernel: [    0.308651] system 00:03: [mem 0xfd000000-0xfd68ffff] has been reserved
Oct 13 19:45:23 kernel: [    0.308651] system 00:03: [mem 0xfd6b0000-0xfd6cffff] has been reserved
Oct 13 19:45:23 kernel: [    0.308651] system 00:03: [mem 0xfd6f0000-0xfdffffff] has been reserved
Oct 13 19:45:23 kernel: [    0.308651] system 00:03: [mem 0xfe000000-0xfe01ffff] has been reserved
Oct 13 19:45:23 kernel: [    0.308651] system 00:03: [mem 0xfe200000-0xfe7fffff] has been reserved
Oct 13 19:45:23 kernel: [    0.308651] system 00:03: [mem 0xff000000-0xffffffff] has been reserved
Oct 13 19:45:23 kernel: [    0.308651] system 00:04: [io  0x2000-0x20fe] has been reserved
Oct 13 19:45:23 kernel: [    0.308651] system 00:05: [mem 0xfe038000-0xfe038fff] has been reserved
Oct 13 19:45:23 kernel: [    0.308651] pnp: PnP ACPI: found 6 devices
Oct 13 19:45:23 kernel: [    0.311925] clocksource: acpi_pm: mask: 0xffffff max_cycles: 0xffffff, max_idle_ns: 2085701024 ns
Oct 13 19:45:23 kernel: [    0.311978] NET: Registered PF_INET protocol family
Oct 13 19:45:23 kernel: [    0.312131] IP idents hash table entries: 262144 (order: 9, 2097152 bytes, linear)
Oct 13 19:45:23 kernel: [    0.322189] tcp_listen_portaddr_hash hash table entries: 8192 (order: 5, 131072 bytes, linear)
Oct 13 19:45:23 kernel: [    0.322213] Table-perturb hash table entries: 65536 (order: 6, 262144 bytes, linear)
Oct 13 19:45:23 kernel: [    0.322250] TCP established hash table entries: 131072 (order: 8, 1048576 bytes, linear)
Oct 13 19:45:23 kernel: [    0.322477] TCP bind hash table entries: 65536 (order: 9, 2097152 bytes, linear)
Oct 13 19:45:23 kernel: [    0.322613] TCP: Hash tables configured (established 131072 bind 65536)
Oct 13 19:45:23 kernel: [    0.322783] MPTCP token hash table entries: 16384 (order: 6, 393216 bytes, linear)
Oct 13 19:45:23 kernel: [    0.322826] UDP hash table entries: 8192 (order: 6, 262144 bytes, linear)
Oct 13 19:45:23 kernel: [    0.322859] UDP-Lite hash table entries: 8192 (order: 6, 262144 bytes, linear)
Oct 13 19:45:23 kernel: [    0.322905] NET: Registered PF_UNIX/PF_LOCAL protocol family
Oct 13 19:45:23 kernel: [    0.322912] NET: Registered PF_XDP protocol family
Oct 13 19:45:23 kernel: [    0.322925] pci 0000:00:15.0: BAR 0 [mem 0x4010000000-0x4010000fff 64bit]: assigned
Oct 13 19:45:23 kernel: [    0.322977] pci 0000:00:15.1: BAR 0 [mem 0x4010001000-0x4010001fff 64bit]: assigned
Oct 13 19:45:23 kernel: [    0.323024] pci 0000:00:1f.5: BAR 0 [mem 0x7d512000-0x7d512fff]: assigned
Oct 13 19:45:23 kernel: [    0.323034] pci 0000:00:1d.0: PCI bridge to [bus 01]
Oct 13 19:45:23 kernel: [    0.323039] pci 0000:00:1d.0:   bridge window [mem 0x7d400000-0x7d4fffff]
Oct 13 19:45:23 kernel: [    0.323047] pci_bus 0000:00: resource 4 [io  0x0000-0x0cf7 window]
Oct 13 19:45:23 kernel: [    0.323048] pci_bus 0000:00: resource 5 [io  0x0d00-0xffff window]
Oct 13 19:45:23 kernel: [    0.323049] pci_bus 0000:00: resource 6 [mem 0x000a0000-0x000bffff window]
Oct 13 19:45:23 kernel: [    0.323050] pci_bus 0000:00: resource 7 [mem 0x7d400000-0xbfffffff window]
Oct 13 19:45:23 kernel: [    0.323052] pci_bus 0000:00: resource 8 [mem 0x4000000000-0x7fffffffff window]
Oct 13 19:45:23 kernel: [    0.323053] pci_bus 0000:01: resource 1 [mem 0x7d400000-0x7d4fffff]
Oct 13 19:45:23 kernel: [    0.325667] PCI: CLS 64 bytes, default 64
Oct 13 19:45:23 kernel: [    0.325711] DMAR: No ATSR found
Oct 13 19:45:23 kernel: [    0.325711] DMAR: No SATC found
Oct 13 19:45:23 kernel: [    0.325712] DMAR: IOMMU feature fl1gp_support inconsistent
Oct 13 19:45:23 kernel: [    0.325713] DMAR: IOMMU feature pgsel_inv inconsistent
Oct 13 19:45:23 kernel: [    0.325714] DMAR: IOMMU feature nwfs inconsistent
Oct 13 19:45:23 kernel: [    0.325715] DMAR: IOMMU feature pds inconsistent
Oct 13 19:45:23 kernel: [    0.325715] DMAR: IOMMU feature eafs inconsistent
Oct 13 19:45:23 kernel: [    0.325716] DMAR: IOMMU feature prs inconsistent
Oct 13 19:45:23 kernel: [    0.325716] DMAR: IOMMU feature nest inconsistent
Oct 13 19:45:23 kernel: [    0.325717] DMAR: IOMMU feature mts inconsistent
Oct 13 19:45:23 kernel: [    0.325717] DMAR: IOMMU feature sc_support inconsistent
Oct 13 19:45:23 kernel: [    0.325718] DMAR: IOMMU feature dev_iotlb_support inconsistent
Oct 13 19:45:23 kernel: [    0.325719] DMAR: dmar0: Using Queued invalidation
Oct 13 19:45:23 kernel: [    0.325722] DMAR: dmar1: Using Queued invalidation
Oct 13 19:45:23 kernel: [    0.325779] Trying to unpack rootfs image as initramfs...
Oct 13 19:45:23 kernel: [    0.325926] pci 0000:00:02.0: Adding to iommu group 0
Oct 13 19:45:23 kernel: [    0.325975] pci 0000:00:00.0: Adding to iommu group 1
Oct 13 19:45:23 kernel: [    0.325981] pci 0000:00:04.0: Adding to iommu group 2
Oct 13 19:45:23 kernel: [    0.325989] pci 0000:00:0d.0: Adding to iommu group 3
Oct 13 19:45:23 kernel: [    0.325999] pci 0000:00:14.0: Adding to iommu group 4
Oct 13 19:45:23 kernel: [    0.326005] pci 0000:00:14.2: Adding to iommu group 4
Oct 13 19:45:23 kernel: [    0.326020] pci 0000:00:14.3: Adding to iommu group 5
Oct 13 19:45:23 kernel: [    0.326029] pci 0000:00:15.0: Adding to iommu group 6
Oct 13 19:45:23 kernel: [    0.326035] pci 0000:00:15.1: Adding to iommu group 6
Oct 13 19:45:23 kernel: [    0.326042] pci 0000:00:16.0: Adding to iommu group 7
Oct 13 19:45:23 kernel: [    0.326048] pci 0000:00:17.0: Adding to iommu group 8
Oct 13 19:45:23 kernel: [    0.326057] pci 0000:00:1d.0: Adding to iommu group 9
Oct 13 19:45:23 kernel: [    0.326080] pci 0000:00:1f.0: Adding to iommu group 10
Oct 13 19:45:23 kernel: [    0.326087] pci 0000:00:1f.3: Adding to iommu group 10
Oct 13 19:45:23 kernel: [    0.326093] pci 0000:00:1f.4: Adding to iommu group 10
Oct 13 19:45:23 kernel: [    0.326099] pci 0000:00:1f.5: Adding to iommu group 10
Oct 13 19:45:23 kernel: [    0.326108] pci 0000:01:00.0: Adding to iommu group 11
Oct 13 19:45:23 kernel: [    0.326726] DMAR: Intel(R) Virtualization Technology for Directed I/O
Oct 13 19:45:23 kernel: [    0.326727] PCI-DMA: Using software bounce buffering for IO (SWIOTLB)
Oct 13 19:45:23 kernel: [    0.326728] software IO TLB: mapped [mem 0x000000005f7e0000-0x00000000637e0000] (64MB)
Oct 13 19:45:23 kernel: [    0.326775] clocksource: tsc: mask: 0xffffffffffffffff max_cycles: 0x1128af0325d, max_idle_ns: 440795261011 ns
Oct 13 19:45:23 kernel: [    0.326829] clocksource: Switched to clocksource tsc
Oct 13 19:45:23 kernel: [    0.326863] platform rtc_cmos: registered platform RTC device (no PNP device found)
Oct 13 19:45:23 kernel: [    0.326880] sgx: EPC section 0x700c0000-0x75d7ffff
Oct 13 19:45:23 kernel: [    0.327571] Initialise system trusted keyrings
Oct 13 19:45:23 kernel: [    0.327578] Key type blacklist registered
Oct 13 19:45:23 kernel: [    0.327607] workingset: timestamp_bits=36 max_order=22 bucket_order=0
Oct 13 19:45:23 kernel: [    0.327614] zbud: loaded
Oct 13 19:45:23 kernel: [    0.327671] fuse: init (API version 7.41)
Oct 13 19:45:23 kernel: [    0.327759] integrity: Platform Keyring initialized
Oct 13 19:45:23 kernel: [    0.327762] integrity: Machine keyring initialized
Oct 13 19:45:23 kernel: [    0.338090] Key type asymmetric registered
Oct 13 19:45:23 kernel: [    0.338092] Asymmetric key parser 'x509' registered
Oct 13 19:45:23 kernel: [    0.883381] Freeing initrd memory: 64664K
Oct 13 19:45:23 kernel: [    0.885217] Block layer SCSI generic (bsg) driver version 0.4 loaded (major 246)
Oct 13 19:45:23 kernel: [    0.885242] io scheduler mq-deadline registered
Oct 13 19:45:23 kernel: [    0.888643] ledtrig-cpu: registered to indicate activity on CPUs
Oct 13 19:45:23 kernel: [    0.888981] pcieport 0000:00:1d.0: PME: Signaling with IRQ 122
Oct 13 19:45:23 kernel: [    0.889107] pcieport 0000:00:1d.0: AER: enabled with IRQ 122
Oct 13 19:45:23 kernel: [    0.889165] pcieport 0000:00:1d.0: DPC: enabled with IRQ 122
Oct 13 19:45:23 kernel: [    0.889166] pcieport 0000:00:1d.0: DPC: error containment capabilities: Int Msg #0, RPExt+ PoisonedTLP+ SwTrigger+ RP PIO Log 4, DL_ActiveErr+
Oct 13 19:45:23 kernel: [    0.889316] shpchp: Standard Hot Plug PCI Controller Driver version: 0.4
Oct 13 19:45:23 kernel: [    0.889478] Monitor-Mwait will be used to enter C-1 state
Oct 13 19:45:23 kernel: [    0.889485] Monitor-Mwait will be used to enter C-2 state
Oct 13 19:45:23 kernel: [    0.889490] Monitor-Mwait will be used to enter C-3 state
Oct 13 19:45:23 kernel: [    0.891203] Serial: 8250/16550 driver, 4 ports, IRQ sharing enabled
Oct 13 19:45:23 kernel: [    0.891676] hpet_acpi_add: no address or irqs in _CRS
Oct 13 19:45:23 kernel: [    0.891696] Linux agpgart interface v0.103
Oct 13 19:45:23 kernel: [    0.921918] i8042: PNP: PS/2 Controller [PNP0303:PS2K] at 0x60,0x64 irq 1
Oct 13 19:45:23 kernel: [    0.921922] i8042: PNP: PS/2 appears to have AUX port disabled, if this is incorrect please boot with i8042.nopnp
Oct 13 19:45:23 kernel: [    0.922744] serio: i8042 KBD port at 0x60,0x64 irq 1
Oct 13 19:45:23 kernel: [    0.922863] mousedev: PS/2 mouse device common for all mice
Oct 13 19:45:23 kernel: [    0.922921] rtc_cmos rtc_cmos: RTC can wake from S4
Oct 13 19:45:23 kernel: [    0.923798] rtc_cmos rtc_cmos: registered as rtc0
Oct 13 19:45:23 kernel: [    0.923992] rtc_cmos rtc_cmos: setting system clock to 2025-10-13T19:45:20 UTC (1760384720)
Oct 13 19:45:23 kernel: [    0.924033] rtc_cmos rtc_cmos: alarms up to one month, y3k, 114 bytes nvram
Oct 13 19:45:23 kernel: [    0.924255] intel_pstate: Intel P-state driver initializing
Oct 13 19:45:23 kernel: [    0.924552] input: AT Translated Set 2 keyboard as /devices/platform/i8042/serio0/input/input0
Oct 13 19:45:23 kernel: [    0.924827] intel_pstate: HWP enabled
Oct 13 19:45:23 kernel: [    0.925017] efifb: probing for efifb
Oct 13 19:45:23 kernel: [    0.925025] efifb: framebuffer at 0x4000000000, using 1876k, total 1875k
Oct 13 19:45:23 kernel: [    0.925027] efifb: mode is 800x600x32, linelength=3200, pages=1
Oct 13 19:45:23 kernel: [    0.925028] efifb: scrolling: redraw
Oct 13 19:45:23 kernel: [    0.925029] efifb: Truecolor: size=8:8:8:8, shift=24:16:8:0
Oct 13 19:45:23 kernel: [    0.925089] Console: switching to colour frame buffer device 100x37
Oct 13 19:45:23 kernel: [    0.925621] fb0: EFI VGA frame buffer device
Oct 13 19:45:23 kernel: [    0.925871] NET: Registered PF_INET6 protocol family
Oct 13 19:45:23 kernel: [    0.928624] Segment Routing with IPv6
Oct 13 19:45:23 kernel: [    0.928638] In-situ OAM (IOAM) with IPv6
Oct 13 19:45:23 kernel: [    0.928663] mip6: Mobile IPv6
Oct 13 19:45:23 kernel: [    0.928668] NET: Registered PF_PACKET protocol family
Oct 13 19:45:23 kernel: [    0.928697] mpls_gso: MPLS GSO support
Oct 13 19:45:23 kernel: [    0.929266] ENERGY_PERF_BIAS: Set to 'normal', was 'performance'
Oct 13 19:45:23 kernel: [    0.930050] microcode: Current revision: 0x00000070
Oct 13 19:45:23 kernel: [    0.930893] IPI shorthand broadcast: enabled
Oct 13 19:45:23 kernel: [    0.932479] sched_clock: Marking stable (924405375, 6425778)->(981352263, -50521110)
Oct 13 19:45:23 kernel: [    0.932639] registered taskstats version 1
Oct 13 19:45:23 kernel: [    0.932730] Loading compiled-in X.509 certificates
Oct 13 19:45:23 kernel: [    0.947057] Loaded X.509 cert 'Build time autogenerated kernel key: bb2acbf068ad1850e6eb40711d963f9ee79426e6'
Oct 13 19:45:23 kernel: [    0.948847] Demotion targets for Node 0: null
Oct 13 19:45:23 kernel: [    0.948944] Key type .fscrypt registered
Oct 13 19:45:23 kernel: [    0.948945] Key type fscrypt-provisioning registered
Oct 13 19:45:23 kernel: [    0.954145] Key type encrypted registered
Oct 13 19:45:23 kernel: [    0.954148] AppArmor: AppArmor sha256 policy hashing enabled
Oct 13 19:45:23 kernel: [    0.956346] integrity: Loading X.509 certificate: UEFI:db
Oct 13 19:45:23 kernel: [    0.956400] integrity: Loaded X.509 cert 'Microsoft Windows Production PCA 2011: a92902398e16c49778cd90f99e4f9ae17c55af53'
Oct 13 19:45:23 kernel: [    0.956401] integrity: Loading X.509 certificate: UEFI:db
Oct 13 19:45:23 kernel: [    0.956414] integrity: Loaded X.509 cert 'Microsoft Corporation UEFI CA 2011: 13adbf4309bd82709c8cd54f316ed522988a1bd4'
Oct 13 19:45:23 kernel: [    0.956415] integrity: Loading X.509 certificate: UEFI:db
Oct 13 19:45:23 kernel: [    0.973094] integrity: Loaded X.509 cert 'OK Certificate: c8c73a37546046ab495c33f4d0856052'
Oct 13 19:45:23 kernel: [    0.973099] integrity: Loading X.509 certificate: UEFI:db
Oct 13 19:45:23 kernel: [    0.973105] integrity: Problem loading X.509 certificate -65
Oct 13 19:45:23 kernel: [    0.973127] integrity: Error adding keys to platform keyring UEFI:db
Oct 13 19:45:23 kernel: [    0.973129] integrity: Loading X.509 certificate: UEFI:db
Oct 13 19:45:23 kernel: [    0.973151] integrity: Loaded X.509 cert 'DPS550-15IIL: 8c018a9a58fa608e4b2a17aa49d46ff0'
Oct 13 19:45:23 kernel: [    0.983370] integrity: Loading X.509 certificate: UEFI:MokListRT (MOKvar table)
Oct 13 19:45:23 kernel: [    0.983632] integrity: Loaded X.509 cert 'Debian Secure Boot CA: 6ccece7e4c6c0d1f6149f3dd27dfcc5cbb419ea1'
Oct 13 19:45:23 kernel: [    0.983640] ima: Allocated hash algorithm: sha256
Oct 13 19:45:23 kernel: [    1.026908] evm: Initialising EVM extended attributes:
Oct 13 19:45:23 kernel: [    1.026912] evm: security.selinux
Oct 13 19:45:23 kernel: [    1.026914] evm: security.SMACK64 (disabled)
Oct 13 19:45:23 kernel: [    1.026916] evm: security.SMACK64EXEC (disabled)
Oct 13 19:45:23 kernel: [    1.026917] evm: security.SMACK64TRANSMUTE (disabled)
Oct 13 19:45:23 kernel: [    1.026919] evm: security.SMACK64MMAP (disabled)
Oct 13 19:45:23 kernel: [    1.026918] audit: type=1807 audit(1760384720.599:2): action=measure func=KEXEC_KERNEL_CHECK res=1
Oct 13 19:45:23 kernel: [    1.026920] evm: security.apparmor
Oct 13 19:45:23 kernel: [    1.026922] evm: security.ima
Oct 13 19:45:23 kernel: [    1.026923] evm: security.capability
Oct 13 19:45:23 kernel: [    1.026925] evm: HMAC attrs: 0x1
Oct 13 19:45:23 kernel: [    1.026927] audit: type=1807 audit(1760384720.599:3): action=measure func=MODULE_CHECK res=1
Oct 13 19:45:23 kernel: [    1.029218] RAS: Correctable Errors collector initialized.
Oct 13 19:45:23 kernel: [    1.038127] Lockdown: swapper/0: hibernation is restricted; see man kernel_lockdown.7
Oct 13 19:45:23 kernel: [    1.038217] clk: Disabling unused clocks
Oct 13 19:45:23 kernel: [    1.038221] PM: genpd: Disabling unused power domains
Oct 13 19:45:23 kernel: [    1.047805] Freeing unused decrypted memory: 2028K
Oct 13 19:45:23 kernel: [    1.048164] Freeing unused kernel image (initmem) memory: 4144K
Oct 13 19:45:23 kernel: [    1.048179] Write protecting the kernel read-only data: 28672k
Oct 13 19:45:23 kernel: [    1.048386] Freeing unused kernel image (rodata/data gap) memory: 500K
Oct 13 19:45:23 kernel: [    1.057821] x86/mm: Checked W+X mappings: passed, no W+X pages found.
Oct 13 19:45:23 kernel: [    1.057824] Run /init as init process
Oct 13 19:45:23 kernel: [    1.057825]   with arguments:
Oct 13 19:45:23 kernel: [    1.057826]     /init
Oct 13 19:45:23 kernel: [    1.057827]     ---
Oct 13 19:45:23 kernel: [    1.057828]   with environment:
Oct 13 19:45:23 kernel: [    1.057829]     HOME=/
Oct 13 19:45:23 kernel: [    1.057829]     TERM=linux
Oct 13 19:45:23 kernel: [    1.057830]     BOOT_IMAGE=/install/gtk/vmlinuz
Oct 13 19:45:23 kernel: [    1.057830]     vga=788
Oct 13 19:45:23 kernel: [    1.118478] wmi_bus wmi_bus-PNP0C14:01: [Firmware Bug]: WMSK method block execution control method not found
Oct 13 19:45:23 kernel: [    1.172679] ACPI: bus type drm_connector registered
Oct 13 19:45:23 kernel: [    1.210777] ACPI: battery: Slot [BAT0] (battery present)
Oct 13 19:45:23 kernel: [    1.238088] intel-lpss 0000:00:15.0: enabling device (0004 -> 0006)
Oct 13 19:45:23 kernel: [    1.247546] hid: raw HID events driver (C) Jiri Kosina
Oct 13 19:45:23 kernel: [    1.253610] intel-lpss 0000:00:15.1: enabling device (0004 -> 0006)
Oct 13 19:45:23 kernel: [    1.265769] SCSI subsystem initialized
Oct 13 19:45:23 kernel: [    1.279619] ACPI: bus type USB registered
Oct 13 19:45:23 kernel: [    1.279650] usbcore: registered new interface driver usbfs
Oct 13 19:45:23 kernel: [    1.279657] usbcore: registered new interface driver hub
Oct 13 19:45:23 kernel: [    1.279665] usbcore: registered new device driver usb
Oct 13 19:45:23 kernel: [    1.281184] nvme nvme0: pci function 0000:01:00.0
Oct 13 19:45:23 kernel: [    1.292632] nvme nvme0: allocated 61 MiB host memory buffer.
Oct 13 19:45:23 kernel: [    1.318251] libata version 3.00 loaded.
Oct 13 19:45:23 kernel: [    1.392969] i2c_hid_acpi i2c-ELAN901C:00: i2c_hid_get_input: IRQ triggered but there's no data
Oct 13 19:45:23 kernel: [    1.443844] nvme nvme0: 8/0/0 default/read/poll queues
Oct 13 19:45:23 kernel: [    1.446954]  nvme0n1: p1 p2 p3 p4 p5 p6
Oct 13 19:45:23 kernel: [    1.479426] xhci_hcd 0000:00:0d.0: xHCI Host Controller
Oct 13 19:45:23 kernel: [    1.479434] xhci_hcd 0000:00:0d.0: new USB bus registered, assigned bus number 1
Oct 13 19:45:23 kernel: [    1.480526] xhci_hcd 0000:00:0d.0: hcc params 0x20007fc1 hci version 0x110 quirks 0x0000000200009810
Oct 13 19:45:23 kernel: [    1.480813] xhci_hcd 0000:00:0d.0: xHCI Host Controller
Oct 13 19:45:23 kernel: [    1.480817] xhci_hcd 0000:00:0d.0: new USB bus registered, assigned bus number 2
Oct 13 19:45:23 kernel: [    1.480819] xhci_hcd 0000:00:0d.0: Host supports USB 3.1 Enhanced SuperSpeed
Oct 13 19:45:23 kernel: [    1.480853] usb usb1: New USB device found, idVendor=1d6b, idProduct=0002, bcdDevice= 6.12
Oct 13 19:45:23 kernel: [    1.480855] usb usb1: New USB device strings: Mfr=3, Product=2, SerialNumber=1
Oct 13 19:45:23 kernel: [    1.480856] usb usb1: Product: xHCI Host Controller
Oct 13 19:45:23 kernel: [    1.480857] usb usb1: Manufacturer: Linux 6.12.43+deb13-amd64 xhci-hcd
Oct 13 19:45:23 kernel: [    1.480858] usb usb1: SerialNumber: 0000:00:0d.0
Oct 13 19:45:23 kernel: [    1.480967] hub 1-0:1.0: USB hub found
Oct 13 19:45:23 kernel: [    1.480978] hub 1-0:1.0: 1 port detected
Oct 13 19:45:23 kernel: [    1.481090] usb usb2: New USB device found, idVendor=1d6b, idProduct=0003, bcdDevice= 6.12
Oct 13 19:45:23 kernel: [    1.481093] usb usb2: New USB device strings: Mfr=3, Product=2, SerialNumber=1
Oct 13 19:45:23 kernel: [    1.481094] usb usb2: Product: xHCI Host Controller
Oct 13 19:45:23 kernel: [    1.481095] usb usb2: Manufacturer: Linux 6.12.43+deb13-amd64 xhci-hcd
Oct 13 19:45:23 kernel: [    1.481096] usb usb2: SerialNumber: 0000:00:0d.0
Oct 13 19:45:23 kernel: [    1.481167] hub 2-0:1.0: USB hub found
Oct 13 19:45:23 kernel: [    1.481176] hub 2-0:1.0: 4 ports detected
Oct 13 19:45:23 kernel: [    1.481439] xhci_hcd 0000:00:14.0: xHCI Host Controller
Oct 13 19:45:23 kernel: [    1.481443] xhci_hcd 0000:00:14.0: new USB bus registered, assigned bus number 3
Oct 13 19:45:23 kernel: [    1.482560] xhci_hcd 0000:00:14.0: hcc params 0x20007fc1 hci version 0x110 quirks 0x0000000000009810
Oct 13 19:45:23 kernel: [    1.482835] xhci_hcd 0000:00:14.0: xHCI Host Controller
Oct 13 19:45:23 kernel: [    1.482837] xhci_hcd 0000:00:14.0: new USB bus registered, assigned bus number 4
Oct 13 19:45:23 kernel: [    1.482839] xhci_hcd 0000:00:14.0: Host supports USB 3.1 Enhanced SuperSpeed
Oct 13 19:45:23 kernel: [    1.482865] usb usb3: New USB device found, idVendor=1d6b, idProduct=0002, bcdDevice= 6.12
Oct 13 19:45:23 kernel: [    1.482866] usb usb3: New USB device strings: Mfr=3, Product=2, SerialNumber=1
Oct 13 19:45:23 kernel: [    1.482867] usb usb3: Product: xHCI Host Controller
Oct 13 19:45:23 kernel: [    1.482868] usb usb3: Manufacturer: Linux 6.12.43+deb13-amd64 xhci-hcd
Oct 13 19:45:23 kernel: [    1.482869] usb usb3: SerialNumber: 0000:00:14.0
Oct 13 19:45:23 kernel: [    1.482960] hub 3-0:1.0: USB hub found
Oct 13 19:45:23 kernel: [    1.482978] hub 3-0:1.0: 12 ports detected
Oct 13 19:45:23 kernel: [    1.483251] usb usb4: New USB device found, idVendor=1d6b, idProduct=0003, bcdDevice= 6.12
Oct 13 19:45:23 kernel: [    1.483253] usb usb4: New USB device strings: Mfr=3, Product=2, SerialNumber=1
Oct 13 19:45:23 kernel: [    1.483254] usb usb4: Product: xHCI Host Controller
Oct 13 19:45:23 kernel: [    1.483255] usb usb4: Manufacturer: Linux 6.12.43+deb13-amd64 xhci-hcd
Oct 13 19:45:23 kernel: [    1.483255] usb usb4: SerialNumber: 0000:00:14.0
Oct 13 19:45:23 kernel: [    1.483313] hub 4-0:1.0: USB hub found
Oct 13 19:45:23 kernel: [    1.483325] hub 4-0:1.0: 6 ports detected
Oct 13 19:45:23 kernel: [    1.501446] input: ELAN901C:00 04F3:2A88 Touchscreen as /devices/pci0000:00/0000:00:15.0/i2c_designware.0/i2c-0/i2c-ELAN901C:00/0018:04F3:2A88.0001/input/input1
Oct 13 19:45:23 kernel: [    1.501542] input: ELAN901C:00 04F3:2A88 as /devices/pci0000:00/0000:00:15.0/i2c_designware.0/i2c-0/i2c-ELAN901C:00/0018:04F3:2A88.0001/input/input2
Oct 13 19:45:23 kernel: [    1.501573] input: ELAN901C:00 04F3:2A88 as /devices/pci0000:00/0000:00:15.0/i2c_designware.0/i2c-0/i2c-ELAN901C:00/0018:04F3:2A88.0001/input/input3
Oct 13 19:45:23 kernel: [    1.501619] hid-generic 0018:04F3:2A88.0001: input,hidraw0: I2C HID v1.00 Device [ELAN901C:00 04F3:2A88] on i2c-ELAN901C:00
Oct 13 19:45:23 kernel: [    1.501926] input: MSFT0001:01 06CB:7F28 Mouse as /devices/pci0000:00/0000:00:15.1/i2c_designware.1/i2c-1/i2c-MSFT0001:01/0018:06CB:7F28.0002/input/input5
Oct 13 19:45:23 kernel: [    1.502000] input: MSFT0001:01 06CB:7F28 Touchpad as /devices/pci0000:00/0000:00:15.1/i2c_designware.1/i2c-1/i2c-MSFT0001:01/0018:06CB:7F28.0002/input/input6
Oct 13 19:45:23 kernel: [    1.502057] hid-generic 0018:06CB:7F28.0002: input,hidraw1: I2C HID v1.00 Mouse [MSFT0001:01 06CB:7F28] on i2c-MSFT0001:01
Oct 13 19:45:23 kernel: [    1.517835] ahci 0000:00:17.0: version 3.0
Oct 13 19:45:23 kernel: [    1.518115] ahci 0000:00:17.0: AHCI vers 0001.0301, 32 command slots, 6 Gbps, SATA mode
Oct 13 19:45:23 kernel: [    1.518118] ahci 0000:00:17.0: 1/1 ports implemented (port mask 0x1)
Oct 13 19:45:23 kernel: [    1.518120] ahci 0000:00:17.0: flags: 64bit ncq sntf pm clo only pio slum part deso sadm sds apst 
Oct 13 19:45:23 kernel: [    1.518382] scsi host0: ahci
Oct 13 19:45:23 kernel: [    1.518480] ata1: SATA max UDMA/133 abar m2048@0x7d513000 port 0x7d513100 irq 148 lpm-pol 4
Oct 13 19:45:23 kernel: [    1.633521] input: ELAN901C:00 04F3:2A88 as /devices/pci0000:00/0000:00:15.0/i2c_designware.0/i2c-0/i2c-ELAN901C:00/0018:04F3:2A88.0001/input/input8
Oct 13 19:45:23 kernel: [    1.633648] input: ELAN901C:00 04F3:2A88 UNKNOWN as /devices/pci0000:00/0000:00:15.0/i2c_designware.0/i2c-0/i2c-ELAN901C:00/0018:04F3:2A88.0001/input/input9
Oct 13 19:45:23 kernel: [    1.633674] input: ELAN901C:00 04F3:2A88 UNKNOWN as /devices/pci0000:00/0000:00:15.0/i2c_designware.0/i2c-0/i2c-ELAN901C:00/0018:04F3:2A88.0001/input/input10
Oct 13 19:45:23 kernel: [    1.633714] hid-multitouch 0018:04F3:2A88.0001: input,hidraw0: I2C HID v1.00 Device [ELAN901C:00 04F3:2A88] on i2c-ELAN901C:00
Oct 13 19:45:23 kernel: [    1.730611] usb 3-1: new high-speed USB device number 2 using xhci_hcd
Oct 13 19:45:23 kernel: [    1.739290] input: MSFT0001:01 06CB:7F28 Mouse as /devices/pci0000:00/0000:00:15.1/i2c_designware.1/i2c-1/i2c-MSFT0001:01/0018:06CB:7F28.0002/input/input12
Oct 13 19:45:23 kernel: [    1.739533] input: MSFT0001:01 06CB:7F28 Touchpad as /devices/pci0000:00/0000:00:15.1/i2c_designware.1/i2c-1/i2c-MSFT0001:01/0018:06CB:7F28.0002/input/input13
Oct 13 19:45:23 kernel: [    1.739865] hid-multitouch 0018:06CB:7F28.0002: input,hidraw1: I2C HID v1.00 Mouse [MSFT0001:01 06CB:7F28] on i2c-MSFT0001:01
Oct 13 19:45:23 kernel: [    1.826666] ata1: SATA link down (SStatus 4 SControl 300)
Oct 13 19:45:23 kernel: [    1.869314] usb 3-1: New USB device found, idVendor=05e3, idProduct=0610, bcdDevice= 6.63
Oct 13 19:45:23 kernel: [    1.869318] usb 3-1: New USB device strings: Mfr=1, Product=2, SerialNumber=0
Oct 13 19:45:23 kernel: [    1.869319] usb 3-1: Product: USB2.1 Hub
Oct 13 19:45:23 kernel: [    1.869321] usb 3-1: Manufacturer: GenesysLogic
Oct 13 19:45:23 kernel: [    1.870125] hub 3-1:1.0: USB hub found
Oct 13 19:45:23 kernel: [    1.870408] hub 3-1:1.0: 4 ports detected
Oct 13 19:45:23 kernel: [    1.908601] snd_hda_intel 0000:00:1f.3: Digital mics found on Skylake+ platform, using SOF driver
Oct 13 19:45:23 kernel: [    1.986608] usb 4-1: new SuperSpeed USB device number 2 using xhci_hcd
Oct 13 19:45:23 kernel: [    2.010259] usb 4-1: New USB device found, idVendor=05e3, idProduct=0626, bcdDevice= 6.63
Oct 13 19:45:23 kernel: [    2.010263] usb 4-1: New USB device strings: Mfr=1, Product=2, SerialNumber=0
Oct 13 19:45:23 kernel: [    2.010264] usb 4-1: Product: USB3.1 Hub
Oct 13 19:45:23 kernel: [    2.010265] usb 4-1: Manufacturer: GenesysLogic
Oct 13 19:45:23 kernel: [    2.012487] hub 4-1:1.0: USB hub found
Oct 13 19:45:23 kernel: [    2.013310] hub 4-1:1.0: 4 ports detected
Oct 13 19:45:23 kernel: [    2.122437] usb 3-2: new high-speed USB device number 3 using xhci_hcd
Oct 13 19:45:23 kernel: [    2.264548] usb 3-2: New USB device found, idVendor=154b, idProduct=00ee, bcdDevice= 1.00
Oct 13 19:45:23 kernel: [    2.264571] usb 3-2: New USB device strings: Mfr=1, Product=2, SerialNumber=3
Oct 13 19:45:23 kernel: [    2.264572] usb 3-2: Product: USB 2.0 FD
Oct 13 19:45:23 kernel: [    2.264573] usb 3-2: Manufacturer: PNY
Oct 13 19:45:23 kernel: [    2.264574] usb 3-2: SerialNumber: 07018B592CA7D109
Oct 13 19:45:23 kernel: [    2.351020] usb-storage 3-2:1.0: USB Mass Storage device detected
Oct 13 19:45:23 kernel: [    2.351212] scsi host1: usb-storage 3-2:1.0
Oct 13 19:45:23 kernel: [    2.351288] usbcore: registered new interface driver usb-storage
Oct 13 19:45:23 kernel: [    2.352351] i915 0000:00:02.0: [drm] Found ICELAKE/Port F (device ID 8a56) display version 11.00 stepping D0
Oct 13 19:45:23 kernel: [    2.352992] i915 0000:00:02.0: [drm] VT-d active for gfx access
Oct 13 19:45:23 kernel: [    2.353089] Console: switching to colour dummy device 80x25
Oct 13 19:45:23 kernel: [    2.353115] i915 0000:00:02.0: vgaarb: deactivate vga console
Oct 13 19:45:23 kernel: [    2.353161] i915 0000:00:02.0: [drm] Using Transparent Hugepages
Oct 13 19:45:23 kernel: [    2.354365] i915 0000:00:02.0: vgaarb: VGA decodes changed: olddecodes=io+mem,decodes=io+mem:owns=io+mem
Oct 13 19:45:23 kernel: [    2.354401] i915 0000:00:02.0: firmware: failed to load i915/icl_dmc_ver1_09.bin (-2)
Oct 13 19:45:23 kernel: [    2.354406] i915 0000:00:02.0: firmware: failed to load i915/icl_dmc_ver1_09.bin (-2)
Oct 13 19:45:23 kernel: [    2.354412] i915 0000:00:02.0: firmware: failed to load i915/icl_dmc_ver1_09.bin (-2)
Oct 13 19:45:23 kernel: [    2.354413] i915 0000:00:02.0: Direct firmware load for i915/icl_dmc_ver1_09.bin failed with error -2
Oct 13 19:45:23 kernel: [    2.354415] i915 0000:00:02.0: [drm] Failed to load DMC firmware i915/icl_dmc_ver1_09.bin (-ENOENT). Disabling runtime power management.
Oct 13 19:45:23 kernel: [    2.354416] i915 0000:00:02.0: [drm] DMC firmware homepage: https://git.kernel.org/pub/scm/linux/kernel/git/firmware/linux-firmware.git
Oct 13 19:45:23 kernel: [    2.354439] usb 3-1.4: new full-speed USB device number 4 using xhci_hcd
Oct 13 19:45:23 kernel: [    2.383085] usbcore: registered new interface driver uas
Oct 13 19:45:23 kernel: [    2.473321] usb 3-1.4: New USB device found, idVendor=3938, idProduct=1191, bcdDevice= 3.11
Oct 13 19:45:23 kernel: [    2.473337] usb 3-1.4: New USB device strings: Mfr=0, Product=1, SerialNumber=0
Oct 13 19:45:23 kernel: [    2.473338] usb 3-1.4: Product: 2.4G Wireless Mouse
Oct 13 19:45:23 kernel: [    2.487615] sof-audio-pci-intel-icl 0000:00:1f.3: enabling device (0000 -> 0002)
Oct 13 19:45:23 kernel: [    2.487765] sof-audio-pci-intel-icl 0000:00:1f.3: DSP detected with PCI class/subclass/prog-if 0x040100
Oct 13 19:45:23 kernel: [    2.497790] input: 2.4G Wireless Mouse as /devices/pci0000:00/0000:00:14.0/usb3/3-1/3-1.4/3-1.4:1.0/0003:3938:1191.0003/input/input15
Oct 13 19:45:23 kernel: [    2.497877] input: 2.4G Wireless Mouse as /devices/pci0000:00/0000:00:14.0/usb3/3-1/3-1.4/3-1.4:1.0/0003:3938:1191.0003/input/input16
Oct 13 19:45:23 kernel: [    2.497971] hid-generic 0003:3938:1191.0003: input,hiddev0,hidraw2: USB HID v1.10 Mouse [2.4G Wireless Mouse] on usb-0000:00:14.0-1.4/input0
Oct 13 19:45:23 kernel: [    2.497997] usbcore: registered new interface driver usbhid
Oct 13 19:45:23 kernel: [    2.497999] usbhid: USB HID core driver
Oct 13 19:45:23 kernel: [    2.590569] usb 3-5: new high-speed USB device number 5 using xhci_hcd
Oct 13 19:45:23 kernel: [    2.741707] usb 3-5: New USB device found, idVendor=5986, idProduct=212b, bcdDevice=56.13
Oct 13 19:45:23 kernel: [    2.741716] usb 3-5: New USB device strings: Mfr=1, Product=2, SerialNumber=0
Oct 13 19:45:23 kernel: [    2.741719] usb 3-5: Product: Integrated Camera
Oct 13 19:45:23 kernel: [    2.741722] usb 3-5: Manufacturer: SunplusIT Inc
Oct 13 19:45:23 kernel: [    2.862852] usb 3-7: new high-speed USB device number 6 using xhci_hcd
Oct 13 19:45:23 kernel: [    3.010847] usb 3-7: New USB device found, idVendor=27c6, idProduct=55a2, bcdDevice= 1.00
Oct 13 19:45:23 kernel: [    3.010857] usb 3-7: New USB device strings: Mfr=1, Product=2, SerialNumber=0
Oct 13 19:45:23 kernel: [    3.010860] usb 3-7: Product: Goodix FingerPrint Device
Oct 13 19:45:23 kernel: [    3.010863] usb 3-7: Manufacturer: Generic
Oct 13 19:45:23 kernel: [    3.134821] usb 3-10: new full-speed USB device number 7 using xhci_hcd
Oct 13 19:45:23 kernel: [    3.273625] usb 3-10: New USB device found, idVendor=8087, idProduct=0026, bcdDevice= 0.02
Oct 13 19:45:23 kernel: [    3.273634] usb 3-10: New USB device strings: Mfr=0, Product=0, SerialNumber=0
Oct 13 19:45:23 kernel: [    3.457333] [drm] Initialized i915 1.6.0 for 0000:00:02.0 on minor 0
Oct 13 19:45:23 kernel: [    3.461571] ACPI: video: Video Device [GFX0] (multi-head: yes  rom: no  post: no)
Oct 13 19:45:23 kernel: [    3.461873] input: Video Bus as /devices/LNXSYSTM:00/LNXSYBUS:00/PNP0A08:00/LNXVIDEO:00/input/input17
Oct 13 19:45:23 kernel: [    3.478634] sof-audio-pci-intel-icl 0000:00:1f.3: bound 0000:00:02.0 (ops i915_audio_component_bind_ops [i915])
Oct 13 19:45:23 kernel: [    3.480199] fbcon: i915drmfb (fb0) is primary device
Oct 13 19:45:23 kernel: [    3.485907] sof-audio-pci-intel-icl 0000:00:1f.3: use msi interrupt mode
Oct 13 19:45:23 kernel: [    3.505170] Console: switching to colour frame buffer device 240x67
Oct 13 19:45:23 kernel: [    3.524236] i915 0000:00:02.0: [drm] fb0: i915drmfb frame buffer device
Oct 13 19:45:23 kernel: [    3.583005] sof-audio-pci-intel-icl 0000:00:1f.3: hda codecs found, mask 5
Oct 13 19:45:23 kernel: [    3.583009] sof-audio-pci-intel-icl 0000:00:1f.3: using HDA machine driver skl_hda_dsp_generic now
Oct 13 19:45:23 kernel: [    3.583011] sof-audio-pci-intel-icl 0000:00:1f.3: BT link detected in NHLT tables: 0x0
Oct 13 19:45:23 kernel: [    3.583012] sof-audio-pci-intel-icl 0000:00:1f.3: DMICs detected in NHLT tables: 2
Oct 13 19:45:23 kernel: [    3.583180] sof-audio-pci-intel-icl 0000:00:1f.3: firmware: failed to load intel/sof/sof-icl.ri (-2)
Oct 13 19:45:23 kernel: [    3.583186] sof-audio-pci-intel-icl 0000:00:1f.3: firmware: failed to load intel/sof/sof-icl.ri (-2)
Oct 13 19:45:23 kernel: [    3.583192] sof-audio-pci-intel-icl 0000:00:1f.3: firmware: failed to load intel/sof/sof-icl.ri (-2)
Oct 13 19:45:23 kernel: [    3.583194] sof-audio-pci-intel-icl 0000:00:1f.3: SOF firmware and/or topology file not found.
Oct 13 19:45:23 kernel: [    3.583210] sof-audio-pci-intel-icl 0000:00:1f.3: Supported default profiles
Oct 13 19:45:23 kernel: [    3.583211] sof-audio-pci-intel-icl 0000:00:1f.3: - ipc type 0 (Requested):
Oct 13 19:45:23 kernel: [    3.583212] sof-audio-pci-intel-icl 0000:00:1f.3:  Firmware file: intel/sof/sof-icl.ri
Oct 13 19:45:23 kernel: [    3.583213] sof-audio-pci-intel-icl 0000:00:1f.3:  Topology file: intel/sof-tplg/sof-hda-generic-2ch.tplg
Oct 13 19:45:23 kernel: [    3.583213] sof-audio-pci-intel-icl 0000:00:1f.3: Check if you have 'sof-firmware' package installed.
Oct 13 19:45:23 kernel: [    3.583214] sof-audio-pci-intel-icl 0000:00:1f.3: Optionally it can be manually downloaded from:
Oct 13 19:45:23 kernel: [    3.583215] sof-audio-pci-intel-icl 0000:00:1f.3:    https://github.com/thesofproject/sof-bin/
Oct 13 19:45:23 kernel: [    3.583585] sof-audio-pci-intel-icl 0000:00:1f.3: error: sof_probe_work failed err: -2
Oct 13 19:45:23 entropy-source: haveged not needed: rdrand CPU flag detected
Oct 13 19:45:23 reopen-console: Looking at console tty1 from /proc/consoles
Oct 13 19:45:23 reopen-console:    Adding tty0 to possible consoles list
Oct 13 19:45:23 reopen-console: Found no preferred console. Picking tty1
Oct 13 19:45:23 reopen-console: Adding inittab entry for tty1
Oct 13 19:45:23 reopen-console: Restarting init to start d-i on the console(s) we found
Oct 13 19:45:23 init: reloading /etc/inittab
Oct 13 19:45:23 init: starting pid 421, tty '/dev/tty4': '/usr/bin/tail -f /var/log/syslog'
Oct 13 19:45:23 init: starting pid 422, tty '/dev/tty1': '/sbin/debian-installer'
Oct 13 19:45:23 kernel: [    3.830652] Lockdown: archdetect: /dev/mem,kmem,port is restricted; see man kernel_lockdown.7
Oct 13 19:45:23 kernel: [    4.236794] scsi 1:0:0:0: Direct-Access     PNY      USB 2.0 FD       PMAP PQ: 0 ANSI: 4
Oct 13 19:45:23 kernel: [    4.295339] sd 1:0:0:0: [sda] 30326784 512-byte logical blocks: (15.5 GB/14.5 GiB)
Oct 13 19:45:23 kernel: [    4.296481] sd 1:0:0:0: [sda] Write Protect is off
Oct 13 19:45:23 kernel: [    4.296483] sd 1:0:0:0: [sda] Mode Sense: 23 00 00 00
Oct 13 19:45:23 kernel: [    4.297334] sd 1:0:0:0: [sda] No Caching mode page found
Oct 13 19:45:23 kernel: [    4.297335] sd 1:0:0:0: [sda] Assuming drive cache: write through
Oct 13 19:45:23 kernel: [    4.328849]  sda: sda1 sda2
Oct 13 19:45:23 kernel: [    4.329132] sd 1:0:0:0: [sda] Attached SCSI removable disk
Oct 13 19:45:24 init: process '/sbin/debian-installer' (pid 422) exited. Scheduling for restart.
Oct 13 19:45:25 init: starting pid 442, tty '/dev/tty1': '/sbin/debian-installer'
Oct 13 19:45:25 kernel: [    5.507089] Lockdown: archdetect: /dev/mem,kmem,port is restricted; see man kernel_lockdown.7
Oct 13 19:45:25 debconf: Setting debconf/language to en
Oct 13 19:45:25 main-menu[470]: INFO: Menu item 'localechooser' selected
Oct 13 19:45:25 debconf: Setting debconf/language to en
Oct 13 19:45:25 gtk-set-font: Switching to font 'DejaVu Sans' for 'en'
Oct 13 19:45:26 localechooser: info: Language = 'en'
Oct 13 19:45:26 localechooser: info: line=en;0;US;en_US.UTF-8;;console-setup
Oct 13 19:45:26 localechooser: info: Set debian-installer/language = 'en'
Oct 13 19:45:26 localechooser: info: Default country = 'US'
Oct 13 19:45:26 localechooser: info: Default locale = 'en_US.UTF-8'
Oct 13 19:45:26 localechooser: info: Set debian-installer/consoledisplay = 'console-setup'
Oct 13 19:45:26 debconf: Setting debconf/language to en
Oct 13 19:45:26 gtk-set-font: Switching to font 'DejaVu Sans' for 'en'
Oct 13 19:45:28 localechooser: info: Set debian-installer/country = 'US'
Oct 13 19:45:28 localechooser: info: Set debian-installer/locale = 'en_US.UTF-8'
Oct 13 19:45:28 localechooser: info: System locale (debian-installer/locale) = 'en_US.UTF-8'
Oct 13 19:45:28 main-menu[470]: INFO: Menu item 'brltty-udeb' selected
Oct 13 19:45:28 main-menu[470]: INFO: Menu item 'espeakup-udeb' selected
Oct 13 19:45:28 main-menu[470]: INFO: Menu item 'console-setup-udeb' selected
Oct 13 19:45:28 kernel: [    8.752550] Lockdown: archdetect: /dev/mem,kmem,port is restricted; see man kernel_lockdown.7
Oct 13 19:45:29 main-menu[470]: INFO: Menu item 'cdrom-detect' selected
Oct 13 19:45:29 kernel: [    9.709349] Lockdown: archdetect: /dev/mem,kmem,port is restricted; see man kernel_lockdown.7
Oct 13 19:45:30 net/hw-detect.hotplug: Detected hotpluggable network interface lo
Oct 13 19:45:30 apt-install: Queueing package udev for later installation
Oct 13 19:45:30 apt-install: Queueing package pciutils for later installation
Oct 13 19:45:30 apt-install: Queueing package usbutils for later installation
Oct 13 19:45:30 hw-detect: skipping check-missing-firmware as requested by the caller
Oct 13 19:45:30 cdrom-detect: Searching for Debian installation media...
Oct 13 19:45:30 cdrom-detect: Devices: ''
Oct 13 19:45:31 cdrom-detect: Devices: ''
Oct 13 19:45:32 cdrom-detect: Devices: ''
Oct 13 19:45:33 cdrom-detect: Devices: ''
Oct 13 19:45:34 cdrom-detect: Devices: ''
Oct 13 19:45:35 cdrom-detect: Devices: ''
Oct 13 19:45:36 cdrom-detect: Devices: ''
Oct 13 19:45:37 cdrom-detect: Devices: ''
Oct 13 19:45:39 cdrom-detect: Devices: ''
Oct 13 19:45:40 kernel: [   20.670208] ISO 9660 Extensions: Microsoft Joliet Level 3
Oct 13 19:45:40 cdrom-detect: CD-ROM mount succeeded: device=/dev/sda1 fstype=iso9660
Oct 13 19:45:40 cdrom-detect: Detected CD 'Official Debian GNU/Linux Live 13.1.0 xfce 2025-09-06T09:42:55Z'
Oct 13 19:45:40 kernel: [   20.671178] ISO 9660 Extensions: RRIP_1991A
Oct 13 19:45:40 cdrom-detect: Detected CD with 'trixie' (trixie) distribution
Oct 13 19:45:40 anna-install: Queueing udeb eject-udeb for later installation
Oct 13 19:45:40 anna-install: Queueing udeb apt-mirror-setup for later installation
Oct 13 19:45:40 anna-install: Queueing udeb apt-cdrom-setup for later installation
Oct 13 19:45:40 anna-install: Queueing udeb trixie-support for later installation
Oct 13 19:45:40 main-menu[470]: INFO: Menu item 'load-cdrom' selected
Oct 13 19:45:40 kernel: [   20.800383] Lockdown: anna: /dev/mem,kmem,port is restricted; see man kernel_lockdown.7
Oct 13 19:45:40 cdrom-retriever: warning: Unable to find non-free-firmware/debian-installer/binary-amd64/Packages in /cdrom/dists/trixie/Release.
Oct 13 19:45:40 cdrom-retriever: warning: Unable to find non-free-firmware/debian-installer/binary-amd64/Packages.gz in /cdrom/dists/trixie/Release.
Oct 13 19:45:40 anna[2816]: DEBUG: resolver (fat-modules): package doesn't exist (ignored)
Oct 13 19:45:40 anna[2816]: DEBUG: resolver (efi-modules): package doesn't exist (ignored)
Oct 13 19:45:40 anna[2816]: DEBUG: resolver (scsi-modules): package doesn't exist (ignored)
Oct 13 19:45:40 anna[2816]: DEBUG: resolver (fat-modules): package doesn't exist (ignored)
Oct 13 19:45:40 anna[2816]: DEBUG: resolver (scsi-modules): package doesn't exist (ignored)
Oct 13 19:45:40 anna[2816]: DEBUG: resolver (efi-modules): package doesn't exist (ignored)
Oct 13 19:45:40 anna[2816]: DEBUG: retrieving apt-cdrom-setup 1:0.198
Oct 13 19:45:40 anna[2816]: DEBUG: retrieving apt-mirror-setup 1:0.198
Oct 13 19:45:40 anna[2816]: DEBUG: retrieving apt-setup-udeb 1:0.198
Oct 13 19:45:40 anna[2816]: DEBUG: retrieving attr-udeb 1:2.5.2-3
Oct 13 19:45:40 anna[2816]: DEBUG: retrieving libattr1-udeb 1:2.5.2-3
Oct 13 19:45:40 anna[2816]: DEBUG: retrieving base-installer 1.226
Oct 13 19:45:40 anna[2816]: DEBUG: retrieving bootstrap-base 1.226
Oct 13 19:45:40 anna[2816]: DEBUG: retrieving btrfs-progs-udeb 6.14-1
Oct 13 19:45:40 anna[2816]: DEBUG: retrieving choose-mirror-bin 2.133
Oct 13 19:45:40 anna[2816]: DEBUG: retrieving clock-setup 0.166
Oct 13 19:45:41 anna[2816]: DEBUG: retrieving debian-archive-keyring-udeb 2025.1
Oct 13 19:45:41 anna[2816]: DEBUG: retrieving di-utils-mapdevfs 1.155
Oct 13 19:45:41 anna[2816]: DEBUG: retrieving debootstrap-udeb 1.0.141
Oct 13 19:45:41 anna[2816]: DEBUG: retrieving depthcharge-tools-installer 12
Oct 13 19:45:41 anna[2816]: DEBUG: retrieving dmidecode-udeb 3.6-2
Oct 13 19:45:41 anna[2816]: DEBUG: retrieving dosfstools-udeb 4.2-1.2
Oct 13 19:45:41 anna[2816]: DEBUG: retrieving e2fsprogs-udeb 1.47.2-3+b3
Oct 13 19:45:41 anna[2816]: DEBUG: retrieving finish-install 2.124
Oct 13 19:45:41 anna[2816]: DEBUG: retrieving fuse3-udeb 3.17.2-3
Oct 13 19:45:41 anna[2816]: DEBUG: retrieving libfuse3-4-udeb 3.17.2-3
Oct 13 19:45:41 anna[2816]: DEBUG: retrieving gpgv-udeb 2.4.7-21+b3
Oct 13 19:45:41 anna[2816]: DEBUG: retrieving grub-installer 1.212
Oct 13 19:45:41 anna[2816]: DEBUG: retrieving grub-mount-udeb 2.12-9
Oct 13 19:45:41 anna[2816]: DEBUG: retrieving disk-detect 1.171
Oct 13 19:45:41 anna[2816]: DEBUG: retrieving ethdetect 1.171
Oct 13 19:45:41 anna[2816]: DEBUG: retrieving isc-dhcp-client-udeb 4.4.3-P1-8
Oct 13 19:45:42 anna[2816]: DEBUG: retrieving jfsutils-udeb 1.1.15-6
Oct 13 19:45:42 anna[2816]: DEBUG: retrieving kickseed-common 0.63
Oct 13 19:45:42 anna[2816]: DEBUG: retrieving btrfs-modules-6.12.43+deb13-amd64-di 6.12.43-1
Oct 13 19:45:42 anna[2816]: DEBUG: retrieving crypto-modules-6.12.43+deb13-amd64-di 6.12.43-1
Oct 13 19:45:42 anna[2816]: DEBUG: retrieving ext4-modules-6.12.43+deb13-amd64-di 6.12.43-1
Oct 13 19:45:42 anna[2816]: DEBUG: retrieving jfs-modules-6.12.43+deb13-amd64-di 6.12.43-1
Oct 13 19:45:42 anna[2816]: DEBUG: retrieving loop-modules-6.12.43+deb13-amd64-di 6.12.43-1
Oct 13 19:45:42 anna[2816]: DEBUG: retrieving md-modules-6.12.43+deb13-amd64-di 6.12.43-1
Oct 13 19:45:42 anna[2816]: DEBUG: retrieving mtd-core-modules-6.12.43+deb13-amd64-di 6.12.43-1
Oct 13 19:45:42 anna[2816]: DEBUG: retrieving nic-modules-6.12.43+deb13-amd64-di 6.12.43-1
Oct 13 19:45:43 anna[2816]: DEBUG: retrieving nic-pcmcia-modules-6.12.43+deb13-amd64-di 6.12.43-1
Oct 13 19:45:43 anna[2816]: DEBUG: retrieving nic-shared-modules-6.12.43+deb13-amd64-di 6.12.43-1
Oct 13 19:45:43 anna[2816]: DEBUG: retrieving nic-usb-modules-6.12.43+deb13-amd64-di 6.12.43-1
Oct 13 19:45:43 anna[2816]: DEBUG: retrieving nic-wireless-modules-6.12.43+deb13-amd64-di 6.12.43-1
Oct 13 19:45:44 anna[2816]: DEBUG: retrieving xfs-modules-6.12.43+deb13-amd64-di 6.12.43-1
Oct 13 19:45:44 anna[2816]: DEBUG: retrieving live-installer 58
Oct 13 19:45:44 anna[2816]: DEBUG: retrieving libdevmapper1.02.1-udeb 2:1.02.205-2
Oct 13 19:45:44 anna[2816]: DEBUG: retrieving liblzo2-2-udeb 2.10-3+b1
Oct 13 19:45:44 anna[2816]: DEBUG: retrieving libbsd0-udeb 0.12.2-2
Oct 13 19:45:44 anna[2816]: DEBUG: retrieving libgcrypt20-udeb 1.11.0-7
Oct 13 19:45:44 anna[2816]: DEBUG: retrieving libgpg-error0-udeb 1.51-4
Oct 13 19:45:44 anna[2816]: DEBUG: retrieving libinih1-udeb 59-1
Oct 13 19:45:44 anna[2816]: DEBUG: retrieving libmd0-udeb 1.1.0-2+b1
Oct 13 19:45:44 anna[2816]: DEBUG: retrieving libnl-3-200-udeb 3.7.0-2
Oct 13 19:45:44 anna[2816]: DEBUG: retrieving libnl-genl-3-200-udeb 3.7.0-2
Oct 13 19:45:44 anna[2816]: DEBUG: retrieving liburcu8-udeb 0.15.2-2
Oct 13 19:45:44 anna[2816]: DEBUG: retrieving mdadm-udeb 4.4-11
Oct 13 19:45:44 anna[2816]: DEBUG: retrieving ndisc6-udeb 1.0.7-1
Oct 13 19:45:44 anna[2816]: DEBUG: retrieving rdnssd-udeb 1.0.7-1
Oct 13 19:45:44 anna[2816]: DEBUG: retrieving netcfg 1.197
Oct 13 19:45:44 anna[2816]: DEBUG: retrieving nobootloader 1.73
Oct 13 19:45:44 anna[2816]: DEBUG: retrieving ntfs-3g-udeb 1:2022.10.3-5
Oct 13 19:45:45 anna[2816]: DEBUG: retrieving open-iscsi-udeb 2.1.11-1+deb13u1
Oct 13 19:45:45 anna[2816]: DEBUG: retrieving libisns-udeb 0.101-1+b1
Oct 13 19:45:45 anna[2816]: DEBUG: retrieving os-prober-udeb 1.83
Oct 13 19:45:45 anna[2816]: DEBUG: retrieving libparted-fs-resize0-udeb 3.6-5
Oct 13 19:45:45 anna[2816]: DEBUG: retrieving libparted2-udeb 3.6-5
Oct 13 19:45:45 anna[2816]: DEBUG: retrieving partman-auto-raid 55
Oct 13 19:45:45 anna[2816]: DEBUG: retrieving partman-auto 177
Oct 13 19:45:45 anna[2816]: DEBUG: retrieving partman-base 237
Oct 13 19:45:45 anna[2816]: DEBUG: retrieving partman-utils 237
Oct 13 19:45:45 anna[2816]: DEBUG: retrieving partman-basicfilesystems 174
Oct 13 19:45:45 anna[2816]: DEBUG: retrieving partman-basicmethods 80
Oct 13 19:45:45 anna[2816]: DEBUG: retrieving partman-btrfs 64
Oct 13 19:45:45 anna[2816]: DEBUG: retrieving partman-cros 13
Oct 13 19:45:46 anna[2816]: DEBUG: retrieving partman-efi 110
Oct 13 19:45:46 anna[2816]: DEBUG: retrieving partman-ext3 119
Oct 13 19:45:46 anna[2816]: DEBUG: retrieving partman-iscsi 83
Oct 13 19:45:46 anna[2816]: DEBUG: retrieving partman-jfs 65
Oct 13 19:45:46 anna[2816]: DEBUG: retrieving partman-md 114
Oct 13 19:45:46 anna[2816]: DEBUG: retrieving partman-partitioning 159
Oct 13 19:45:46 anna[2816]: DEBUG: retrieving partman-target 133
Oct 13 19:45:47 anna[2816]: DEBUG: retrieving partman-xfs 72
Oct 13 19:45:47 anna[2816]: DEBUG: retrieving pkgsel 0.85
Oct 13 19:45:47 anna[2816]: DEBUG: retrieving network-preseed 1.125
Oct 13 19:45:47 anna[2816]: DEBUG: retrieving rdate-udeb 1:1.11-3
Oct 13 19:45:47 anna[2816]: DEBUG: retrieving screen-udeb 4.9.1-3
Oct 13 19:45:47 anna[2816]: DEBUG: retrieving systemd-boot-installer 0.11
Oct 13 19:45:47 anna[2816]: DEBUG: retrieving tzsetup-udeb 1:0.132
Oct 13 19:45:47 anna[2816]: DEBUG: retrieving user-setup-udeb 1.107
Oct 13 19:45:48 anna[2816]: DEBUG: retrieving eject-udeb 2.41-5
Oct 13 19:45:48 anna[2816]: DEBUG: retrieving libmount1-udeb 2.41-5
Oct 13 19:45:48 anna[2816]: DEBUG: retrieving wide-dhcpv6-client-udeb 20080615-24
Oct 13 19:45:48 anna[2816]: DEBUG: retrieving libiw30-udeb 30~pre9-18+b1
Oct 13 19:45:48 anna[2816]: DEBUG: retrieving wpasupplicant-udeb 2:2.10-24
Oct 13 19:45:48 anna[2816]: DEBUG: retrieving xfsprogs-udeb 6.13.0-2+b1
Oct 13 19:45:48 kernel: [   29.132997] Lockdown: archdetect: /dev/mem,kmem,port is restricted; see man kernel_lockdown.7
Oct 13 19:45:48 depthcharge-tools-installer: Not installing to non-ChromeOS board.
Oct 13 19:45:48 kernel: [   29.137599] Lockdown: archdetect: /dev/mem,kmem,port is restricted; see man kernel_lockdown.7
Oct 13 19:45:48 main-menu[470]: INFO: Menu item 'ethdetect' selected
Oct 13 19:45:48 kernel: [   29.138765] Lockdown: archdetect: /dev/mem,kmem,port is restricted; see man kernel_lockdown.7
Oct 13 19:45:50 kernel: [   31.122056] Lockdown: archdetect: /dev/mem,kmem,port is restricted; see man kernel_lockdown.7
Oct 13 19:45:52 net/hw-detect.hotplug: Detected hotpluggable network interface lo
Oct 13 19:45:52 kernel: [   33.369411] cfg80211: Loading compiled-in X.509 certificates for regulatory database
Oct 13 19:45:52 kernel: [   33.369555] Loaded X.509 cert 'benh@debian.org: 577e021cb980e0e820821ba7b54b4961b8b4fadf'
Oct 13 19:45:52 kernel: [   33.369677] Loaded X.509 cert 'romain.perier@gmail.com: 3abbc6ec146e09d1b6016ab9d6cf71dd233f0328'
Oct 13 19:45:52 kernel: [   33.369798] Loaded X.509 cert 'sforshee: 00b28ddf47aef9cea7'
Oct 13 19:45:52 kernel: [   33.369916] Loaded X.509 cert 'wens: 61c038651aabdcf94bd0ac7ff06c7248db18c600'
Oct 13 19:45:53 kernel: [   33.427364] Intel(R) Wireless WiFi driver for Linux
Oct 13 19:45:53 kernel: [   33.429058] iwlwifi 0000:00:14.3: Detected crf-id 0x3617, cnv-id 0x2000300 wfpm id 0x80000000
Oct 13 19:45:53 kernel: [   33.429091] iwlwifi 0000:00:14.3: PCI dev 34f0/0074, rev=0x332, rfid=0x10a100
Oct 13 19:45:53 kernel: [   33.429093] iwlwifi 0000:00:14.3: Detected Intel(R) Wi-Fi 6 AX201 160MHz
Oct 13 19:45:53 kernel: [   33.429157] iwlwifi 0000:00:14.3: firmware: failed to load iwlwifi-Qu-c0-hr-b0-77.ucode (-2)
Oct 13 19:45:53 kernel: [   33.429163] iwlwifi 0000:00:14.3: firmware: failed to load iwlwifi-Qu-c0-hr-b0-77.ucode (-2)
Oct 13 19:45:53 kernel: [   33.429168] iwlwifi 0000:00:14.3: firmware: failed to load iwlwifi-Qu-c0-hr-b0-77.ucode (-2)
Oct 13 19:45:53 kernel: [   33.429169] iwlwifi 0000:00:14.3: Direct firmware load for iwlwifi-Qu-c0-hr-b0-77.ucode failed with error -2
Oct 13 19:45:53 kernel: [   33.429172] iwlwifi 0000:00:14.3: no suitable firmware found!
Oct 13 19:45:53 kernel: [   33.429173] iwlwifi 0000:00:14.3: iwlwifi-Qu-c0-hr-b0-77 is required
Oct 13 19:45:53 kernel: [   33.429174] iwlwifi 0000:00:14.3: check git://git.kernel.org/pub/scm/linux/kernel/git/firmware/linux-firmware.git
Oct 13 19:45:54 check-missing-firmware: looking at dmesg for the first time
Oct 13 19:45:54 check-missing-firmware: saving timestamp for a later use: [   33.429174]
Oct 13 19:45:54 check-missing-firmware: looking for firmware file i915/icl_dmc_ver1_09.bin requested by i915
Oct 13 19:45:54 check-missing-firmware: looking for firmware file i915/icl_dmc_ver1_09.bin requested by i915
Oct 13 19:45:54 check-missing-firmware: looking for firmware file i915/icl_dmc_ver1_09.bin requested by i915
Oct 13 19:45:54 check-missing-firmware: looking for firmware file intel/sof/sof-icl.ri requested by sof-audio-pci-intel-icl
Oct 13 19:45:54 check-missing-firmware: looking for firmware file intel/sof/sof-icl.ri requested by sof-audio-pci-intel-icl
Oct 13 19:45:54 check-missing-firmware: looking for firmware file intel/sof/sof-icl.ri requested by sof-audio-pci-intel-icl
Oct 13 19:45:54 check-missing-firmware: looking for firmware file iwlwifi-Qu-c0-hr-b0-77.ucode requested by iwlwifi
Oct 13 19:45:54 check-missing-firmware: looking for firmware file iwlwifi-Qu-c0-hr-b0-77.ucode requested by iwlwifi
Oct 13 19:45:54 check-missing-firmware: looking for firmware file iwlwifi-Qu-c0-hr-b0-77.ucode requested by iwlwifi
Oct 13 19:45:54 check-missing-firmware: missing firmware files (i915/icl_dmc_ver1_09.bin intel/sof/sof-icl.ri iwlwifi-Qu-c0-hr-b0-77.ucode) for i915 iwlwifi sof-audio-pci-intel-icl
Oct 13 19:45:54 check-missing-firmware: mainloop iteration #1
Oct 13 19:45:54 check-missing-firmware: lookup with /cdrom/firmware/Contents-firmware
Oct 13 19:45:54 check-missing-firmware: installing firmware package /cdrom/firmware/firmware-intel-graphics_20250410-2_all.deb (non-free-firmware)
Oct 13 19:45:54 check-missing-firmware: installing firmware package /cdrom/firmware/firmware-sof-signed_2025.01-1_all.deb (non-free-firmware)
Oct 13 19:45:55 check-missing-firmware: installing firmware package /cdrom/firmware/firmware-iwlwifi_20250410-2_all.deb (non-free-firmware)
Oct 13 19:45:57 check-missing-firmware: modprobe: FATAL: Module i915 is in use.
Oct 13 19:45:57 kernel: [   38.203040] cfg80211: Loading compiled-in X.509 certificates for regulatory database
Oct 13 19:45:57 kernel: [   38.203185] Loaded X.509 cert 'benh@debian.org: 577e021cb980e0e820821ba7b54b4961b8b4fadf'
Oct 13 19:45:57 kernel: [   38.203307] Loaded X.509 cert 'romain.perier@gmail.com: 3abbc6ec146e09d1b6016ab9d6cf71dd233f0328'
Oct 13 19:45:57 kernel: [   38.203428] Loaded X.509 cert 'sforshee: 00b28ddf47aef9cea7'
Oct 13 19:45:57 kernel: [   38.203566] Loaded X.509 cert 'wens: 61c038651aabdcf94bd0ac7ff06c7248db18c600'
Oct 13 19:45:57 kernel: [   38.238869] Intel(R) Wireless WiFi driver for Linux
Oct 13 19:45:57 kernel: [   38.240746] iwlwifi 0000:00:14.3: Detected crf-id 0x3617, cnv-id 0x2000300 wfpm id 0x80000000
Oct 13 19:45:57 kernel: [   38.240778] iwlwifi 0000:00:14.3: PCI dev 34f0/0074, rev=0x332, rfid=0x10a100
Oct 13 19:45:57 kernel: [   38.240780] iwlwifi 0000:00:14.3: Detected Intel(R) Wi-Fi 6 AX201 160MHz
Oct 13 19:45:57 check-missing-firmware: modprobe: FATAL: Module sof-audio-pci-intel-icl not found.
Oct 13 19:45:57 kernel: [   38.246418] iwlwifi 0000:00:14.3: TLV_FW_FSEQ_VERSION: FSEQ Version: 89.3.35.37
Oct 13 19:45:57 check-missing-firmware: modprobe: FATAL: Module sof-audio-pci-intel-icl not found in directory /lib/modules/6.12.43+deb13-amd64
Oct 13 19:45:57 check-missing-firmware: removing and loading kernel module snd_sof_pci_intel_icl as well (actual module for sof-audio-pci-intel-icl)
Oct 13 19:45:57 kernel: [   38.246688] iwlwifi 0000:00:14.3: firmware: failed to load iwl-debug-yoyo.bin (-2)
Oct 13 19:45:57 kernel: [   38.246695] iwlwifi 0000:00:14.3: firmware: failed to load iwl-debug-yoyo.bin (-2)
Oct 13 19:45:57 kernel: [   38.246700] iwlwifi 0000:00:14.3: firmware: failed to load iwl-debug-yoyo.bin (-2)
